DEBUG - 2026-03-30 18:07:19 --> Session: Class initialized using 'CodeIgniter\Session\Handlers\FileHandler' driver.
DEBUG - 2026-03-30 18:07:19 --> Total exams not yet taken calculated for school_id 1: 0
DEBUG - 2026-03-30 18:07:24 --> Session: Class initialized using 'CodeIgniter\Session\Handlers\FileHandler' driver.
DEBUG - 2026-03-30 18:07:25 --> Total exams not yet taken calculated for school_id 1: 0
DEBUG - 2026-03-30 18:29:07 --> Session: Class initialized using 'CodeIgniter\Session\Handlers\FileHandler' driver.
DEBUG - 2026-03-30 18:29:08 --> Total exams not yet taken calculated for school_id 1: 0
DEBUG - 2026-03-30 18:29:14 --> Session: Class initialized using 'CodeIgniter\Session\Handlers\FileHandler' driver.
DEBUG - 2026-03-30 18:29:28 --> Session: Class initialized using 'CodeIgniter\Session\Handlers\FileHandler' driver.
DEBUG - 2026-03-30 18:29:28 --> Session: Class initialized using 'CodeIgniter\Session\Handlers\FileHandler' driver.
DEBUG - 2026-03-30 18:29:34 --> Session: Class initialized using 'CodeIgniter\Session\Handlers\FileHandler' driver.
DEBUG - 2026-03-30 18:29:35 --> Session: Class initialized using 'CodeIgniter\Session\Handlers\FileHandler' driver.
DEBUG - 2026-03-30 18:29:36 --> Session: Class initialized using 'CodeIgniter\Session\Handlers\FileHandler' driver.
DEBUG - 2026-03-30 18:29:36 --> Session: Class initialized using 'CodeIgniter\Session\Handlers\FileHandler' driver.
DEBUG - 2026-03-30 18:29:37 --> Session: Class initialized using 'CodeIgniter\Session\Handlers\FileHandler' driver.
DEBUG - 2026-03-30 18:29:37 --> Session: Class initialized using 'CodeIgniter\Session\Handlers\FileHandler' driver.
DEBUG - 2026-03-30 18:29:38 --> Session: Class initialized using 'CodeIgniter\Session\Handlers\FileHandler' driver.
DEBUG - 2026-03-30 18:29:38 --> Total exams not yet taken calculated for school_id 93: 0
ERROR - 2026-03-30 18:29:39 --> mysqli_sql_exception: Table 'wayo_db.attendance' doesn't exist in C:\xampp\htdocs\School-Management-De_migration\vendor\codeigniter4\framework\system\Database\MySQLi\Connection.php:327
Stack trace:
#0 C:\xampp\htdocs\School-Management-De_migration\vendor\codeigniter4\framework\system\Database\MySQLi\Connection.php(327): mysqli->query('SELECT COUNT(*)...', 0)
#1 C:\xampp\htdocs\School-Management-De_migration\vendor\codeigniter4\framework\system\Database\BaseConnection.php(738): CodeIgniter\Database\MySQLi\Connection->execute('SELECT COUNT(*)...')
#2 C:\xampp\htdocs\School-Management-De_migration\vendor\codeigniter4\framework\system\Database\BaseConnection.php(652): CodeIgniter\Database\BaseConnection->simpleQuery('SELECT COUNT(*)...')
#3 C:\xampp\htdocs\School-Management-De_migration\vendor\codeigniter4\framework\system\Database\BaseBuilder.php(1733): CodeIgniter\Database\BaseConnection->query('SELECT COUNT(*)...', Array, false)
#4 C:\xampp\htdocs\School-Management-De_migration\app\Models\Crud_model.php(310): CodeIgniter\Database\BaseBuilder->countAllResults()
#5 C:\xampp\htdocs\School-Management-De_migration\app\Views\backend\admin\dashboard\index.php(666): App\Models\Crud_model->get_todays_attendance()
#6 C:\xampp\htdocs\School-Management-De_migration\app\Views\backend\index.php(145): include('C:\\xampp\\htdocs...')
#7 C:\xampp\htdocs\School-Management-De_migration\vendor\codeigniter4\framework\system\View\View.php(224): include('C:\\xampp\\htdocs...')
#8 C:\xampp\htdocs\School-Management-De_migration\vendor\codeigniter4\framework\system\View\View.php(227): CodeIgniter\View\View->CodeIgniter\View\{closure}()
#9 C:\xampp\htdocs\School-Management-De_migration\app\View\View.php(353): CodeIgniter\View\View->render('backend/index', Array, true)
#10 C:\xampp\htdocs\School-Management-De_migration\vendor\codeigniter4\framework\system\Common.php(1173): App\View\View->render('backend/index', Array, true)
#11 C:\xampp\htdocs\School-Management-De_migration\app\Controllers\Admin.php(108): view('backend/index', Array)
#12 C:\xampp\htdocs\School-Management-De_migration\vendor\codeigniter4\framework\system\CodeIgniter.php(933): App\Controllers\Admin->dashboard()
#13 C:\xampp\htdocs\School-Management-De_migration\vendor\codeigniter4\framework\system\CodeIgniter.php(507): CodeIgniter\CodeIgniter->runController(Object(App\Controllers\Admin))
#14 C:\xampp\htdocs\School-Management-De_migration\vendor\codeigniter4\framework\system\CodeIgniter.php(354): CodeIgniter\CodeIgniter->handleRequest(NULL, Object(Config\Cache), false)
#15 C:\xampp\htdocs\School-Management-De_migration\vendor\codeigniter4\framework\system\Boot.php(334): CodeIgniter\CodeIgniter->run()
#16 C:\xampp\htdocs\School-Management-De_migration\vendor\codeigniter4\framework\system\Boot.php(67): CodeIgniter\Boot::runCodeIgniter(Object(CodeIgniter\CodeIgniter))
#17 C:\xampp\htdocs\School-Management-De_migration\index.php(75): CodeIgniter\Boot::bootWeb(Object(Config\Paths))
#18 C:\xampp\htdocs\School-Management-De_migration\vendor\codeigniter4\framework\system\rewrite.php(44): require_once('C:\\xampp\\htdocs...')
#19 {main}
ERROR - 2026-03-30 18:29:39 --> mysqli_sql_exception: Table 'wayo_db.attendance' doesn't exist in C:\xampp\htdocs\School-Management-De_migration\vendor\codeigniter4\framework\system\Database\MySQLi\Connection.php:327
Stack trace:
#0 C:\xampp\htdocs\School-Management-De_migration\vendor\codeigniter4\framework\system\Database\MySQLi\Connection.php(327): mysqli->query('SELECT COUNT(*)...', 0)
#1 C:\xampp\htdocs\School-Management-De_migration\vendor\codeigniter4\framework\system\Database\BaseConnection.php(738): CodeIgniter\Database\MySQLi\Connection->execute('SELECT COUNT(*)...')
#2 C:\xampp\htdocs\School-Management-De_migration\vendor\codeigniter4\framework\system\Database\BaseConnection.php(652): CodeIgniter\Database\BaseConnection->simpleQuery('SELECT COUNT(*)...')
#3 C:\xampp\htdocs\School-Management-De_migration\vendor\codeigniter4\framework\system\Database\BaseBuilder.php(1733): CodeIgniter\Database\BaseConnection->query('SELECT COUNT(*)...', Array, false)
#4 C:\xampp\htdocs\School-Management-De_migration\app\Models\Crud_model.php(310): CodeIgniter\Database\BaseBuilder->countAllResults()
#5 C:\xampp\htdocs\School-Management-De_migration\app\Views\backend\admin\dashboard\index.php(667): App\Models\Crud_model->get_todays_attendance()
#6 C:\xampp\htdocs\School-Management-De_migration\app\Views\backend\index.php(145): include('C:\\xampp\\htdocs...')
#7 C:\xampp\htdocs\School-Management-De_migration\vendor\codeigniter4\framework\system\View\View.php(224): include('C:\\xampp\\htdocs...')
#8 C:\xampp\htdocs\School-Management-De_migration\vendor\codeigniter4\framework\system\View\View.php(227): CodeIgniter\View\View->CodeIgniter\View\{closure}()
#9 C:\xampp\htdocs\School-Management-De_migration\app\View\View.php(353): CodeIgniter\View\View->render('backend/index', Array, true)
#10 C:\xampp\htdocs\School-Management-De_migration\vendor\codeigniter4\framework\system\Common.php(1173): App\View\View->render('backend/index', Array, true)
#11 C:\xampp\htdocs\School-Management-De_migration\app\Controllers\Admin.php(108): view('backend/index', Array)
#12 C:\xampp\htdocs\School-Management-De_migration\vendor\codeigniter4\framework\system\CodeIgniter.php(933): App\Controllers\Admin->dashboard()
#13 C:\xampp\htdocs\School-Management-De_migration\vendor\codeigniter4\framework\system\CodeIgniter.php(507): CodeIgniter\CodeIgniter->runController(Object(App\Controllers\Admin))
#14 C:\xampp\htdocs\School-Management-De_migration\vendor\codeigniter4\framework\system\CodeIgniter.php(354): CodeIgniter\CodeIgniter->handleRequest(NULL, Object(Config\Cache), false)
#15 C:\xampp\htdocs\School-Management-De_migration\vendor\codeigniter4\framework\system\Boot.php(334): CodeIgniter\CodeIgniter->run()
#16 C:\xampp\htdocs\School-Management-De_migration\vendor\codeigniter4\framework\system\Boot.php(67): CodeIgniter\Boot::runCodeIgniter(Object(CodeIgniter\CodeIgniter))
#17 C:\xampp\htdocs\School-Management-De_migration\index.php(75): CodeIgniter\Boot::bootWeb(Object(Config\Paths))
#18 C:\xampp\htdocs\School-Management-De_migration\vendor\codeigniter4\framework\system\rewrite.php(44): require_once('C:\\xampp\\htdocs...')
#19 {main}
ERROR - 2026-03-30 18:29:39 --> mysqli_sql_exception: Table 'wayo_db.events' doesn't exist in C:\xampp\htdocs\School-Management-De_migration\vendor\codeigniter4\framework\system\Database\MySQLi\Connection.php:327
Stack trace:
#0 C:\xampp\htdocs\School-Management-De_migration\vendor\codeigniter4\framework\system\Database\MySQLi\Connection.php(327): mysqli->query('SELECT *\nFROM `...', 0)
#1 C:\xampp\htdocs\School-Management-De_migration\vendor\codeigniter4\framework\system\Database\BaseConnection.php(738): CodeIgniter\Database\MySQLi\Connection->execute('SELECT *\nFROM `...')
#2 C:\xampp\htdocs\School-Management-De_migration\vendor\codeigniter4\framework\system\Database\BaseConnection.php(652): CodeIgniter\Database\BaseConnection->simpleQuery('SELECT *\nFROM `...')
#3 C:\xampp\htdocs\School-Management-De_migration\vendor\codeigniter4\framework\system\Database\BaseBuilder.php(1649): CodeIgniter\Database\BaseConnection->query('SELECT *\nFROM `...', Array, false)
#4 C:\xampp\htdocs\School-Management-De_migration\app\Models\Crud_model.php(293): CodeIgniter\Database\BaseBuilder->get()
#5 C:\xampp\htdocs\School-Management-De_migration\app\Views\backend\admin\dashboard\index.php(681): App\Models\Crud_model->get_current_month_events()
#6 C:\xampp\htdocs\School-Management-De_migration\app\Views\backend\index.php(145): include('C:\\xampp\\htdocs...')
#7 C:\xampp\htdocs\School-Management-De_migration\vendor\codeigniter4\framework\system\View\View.php(224): include('C:\\xampp\\htdocs...')
#8 C:\xampp\htdocs\School-Management-De_migration\vendor\codeigniter4\framework\system\View\View.php(227): CodeIgniter\View\View->CodeIgniter\View\{closure}()
#9 C:\xampp\htdocs\School-Management-De_migration\app\View\View.php(353): CodeIgniter\View\View->render('backend/index', Array, true)
#10 C:\xampp\htdocs\School-Management-De_migration\vendor\codeigniter4\framework\system\Common.php(1173): App\View\View->render('backend/index', Array, true)
#11 C:\xampp\htdocs\School-Management-De_migration\app\Controllers\Admin.php(108): view('backend/index', Array)
#12 C:\xampp\htdocs\School-Management-De_migration\vendor\codeigniter4\framework\system\CodeIgniter.php(933): App\Controllers\Admin->dashboard()
#13 C:\xampp\htdocs\School-Management-De_migration\vendor\codeigniter4\framework\system\CodeIgniter.php(507): CodeIgniter\CodeIgniter->runController(Object(App\Controllers\Admin))
#14 C:\xampp\htdocs\School-Management-De_migration\vendor\codeigniter4\framework\system\CodeIgniter.php(354): CodeIgniter\CodeIgniter->handleRequest(NULL, Object(Config\Cache), false)
#15 C:\xampp\htdocs\School-Management-De_migration\vendor\codeigniter4\framework\system\Boot.php(334): CodeIgniter\CodeIgniter->run()
#16 C:\xampp\htdocs\School-Management-De_migration\vendor\codeigniter4\framework\system\Boot.php(67): CodeIgniter\Boot::runCodeIgniter(Object(CodeIgniter\CodeIgniter))
#17 C:\xampp\htdocs\School-Management-De_migration\index.php(75): CodeIgniter\Boot::bootWeb(Object(Config\Paths))
#18 C:\xampp\htdocs\School-Management-De_migration\vendor\codeigniter4\framework\system\rewrite.php(44): require_once('C:\\xampp\\htdocs...')
#19 {main}
ERROR - 2026-03-30 18:29:39 --> mysqli_sql_exception: Table 'wayo_db.attendance' doesn't exist in C:\xampp\htdocs\School-Management-De_migration\vendor\codeigniter4\framework\system\Database\MySQLi\Connection.php:327
Stack trace:
#0 C:\xampp\htdocs\School-Management-De_migration\vendor\codeigniter4\framework\system\Database\MySQLi\Connection.php(327): mysqli->query('SELECT COUNT(*)...', 0)
#1 C:\xampp\htdocs\School-Management-De_migration\vendor\codeigniter4\framework\system\Database\BaseConnection.php(738): CodeIgniter\Database\MySQLi\Connection->execute('SELECT COUNT(*)...')
#2 C:\xampp\htdocs\School-Management-De_migration\vendor\codeigniter4\framework\system\Database\BaseConnection.php(652): CodeIgniter\Database\BaseConnection->simpleQuery('SELECT COUNT(*)...')
#3 C:\xampp\htdocs\School-Management-De_migration\vendor\codeigniter4\framework\system\Database\BaseBuilder.php(1733): CodeIgniter\Database\BaseConnection->query('SELECT COUNT(*)...', Array, false)
#4 C:\xampp\htdocs\School-Management-De_migration\app\Models\Crud_model.php(310): CodeIgniter\Database\BaseBuilder->countAllResults()
#5 C:\xampp\htdocs\School-Management-De_migration\app\Views\backend\admin\dashboard\index.php(696): App\Models\Crud_model->get_todays_attendance()
#6 C:\xampp\htdocs\School-Management-De_migration\app\Views\backend\index.php(145): include('C:\\xampp\\htdocs...')
#7 C:\xampp\htdocs\School-Management-De_migration\vendor\codeigniter4\framework\system\View\View.php(224): include('C:\\xampp\\htdocs...')
#8 C:\xampp\htdocs\School-Management-De_migration\vendor\codeigniter4\framework\system\View\View.php(227): CodeIgniter\View\View->CodeIgniter\View\{closure}()
#9 C:\xampp\htdocs\School-Management-De_migration\app\View\View.php(353): CodeIgniter\View\View->render('backend/index', Array, true)
#10 C:\xampp\htdocs\School-Management-De_migration\vendor\codeigniter4\framework\system\Common.php(1173): App\View\View->render('backend/index', Array, true)
#11 C:\xampp\htdocs\School-Management-De_migration\app\Controllers\Admin.php(108): view('backend/index', Array)
#12 C:\xampp\htdocs\School-Management-De_migration\vendor\codeigniter4\framework\system\CodeIgniter.php(933): App\Controllers\Admin->dashboard()
#13 C:\xampp\htdocs\School-Management-De_migration\vendor\codeigniter4\framework\system\CodeIgniter.php(507): CodeIgniter\CodeIgniter->runController(Object(App\Controllers\Admin))
#14 C:\xampp\htdocs\School-Management-De_migration\vendor\codeigniter4\framework\system\CodeIgniter.php(354): CodeIgniter\CodeIgniter->handleRequest(NULL, Object(Config\Cache), false)
#15 C:\xampp\htdocs\School-Management-De_migration\vendor\codeigniter4\framework\system\Boot.php(334): CodeIgniter\CodeIgniter->run()
#16 C:\xampp\htdocs\School-Management-De_migration\vendor\codeigniter4\framework\system\Boot.php(67): CodeIgniter\Boot::runCodeIgniter(Object(CodeIgniter\CodeIgniter))
#17 C:\xampp\htdocs\School-Management-De_migration\index.php(75): CodeIgniter\Boot::bootWeb(Object(Config\Paths))
#18 C:\xampp\htdocs\School-Management-De_migration\vendor\codeigniter4\framework\system\rewrite.php(44): require_once('C:\\xampp\\htdocs...')
#19 {main}
ERROR - 2026-03-30 18:29:39 --> mysqli_sql_exception: Table 'wayo_db.events' doesn't exist in C:\xampp\htdocs\School-Management-De_migration\vendor\codeigniter4\framework\system\Database\MySQLi\Connection.php:327
Stack trace:
#0 C:\xampp\htdocs\School-Management-De_migration\vendor\codeigniter4\framework\system\Database\MySQLi\Connection.php(327): mysqli->query('SELECT *\nFROM `...', 0)
#1 C:\xampp\htdocs\School-Management-De_migration\vendor\codeigniter4\framework\system\Database\BaseConnection.php(738): CodeIgniter\Database\MySQLi\Connection->execute('SELECT *\nFROM `...')
#2 C:\xampp\htdocs\School-Management-De_migration\vendor\codeigniter4\framework\system\Database\BaseConnection.php(652): CodeIgniter\Database\BaseConnection->simpleQuery('SELECT *\nFROM `...')
#3 C:\xampp\htdocs\School-Management-De_migration\vendor\codeigniter4\framework\system\Database\BaseBuilder.php(1649): CodeIgniter\Database\BaseConnection->query('SELECT *\nFROM `...', Array, false)
#4 C:\xampp\htdocs\School-Management-De_migration\app\Models\Crud_model.php(293): CodeIgniter\Database\BaseBuilder->get()
#5 C:\xampp\htdocs\School-Management-De_migration\app\Views\backend\admin\dashboard\index.php(719): App\Models\Crud_model->get_current_month_events()
#6 C:\xampp\htdocs\School-Management-De_migration\app\Views\backend\index.php(145): include('C:\\xampp\\htdocs...')
#7 C:\xampp\htdocs\School-Management-De_migration\vendor\codeigniter4\framework\system\View\View.php(224): include('C:\\xampp\\htdocs...')
#8 C:\xampp\htdocs\School-Management-De_migration\vendor\codeigniter4\framework\system\View\View.php(227): CodeIgniter\View\View->CodeIgniter\View\{closure}()
#9 C:\xampp\htdocs\School-Management-De_migration\app\View\View.php(353): CodeIgniter\View\View->render('backend/index', Array, true)
#10 C:\xampp\htdocs\School-Management-De_migration\vendor\codeigniter4\framework\system\Common.php(1173): App\View\View->render('backend/index', Array, true)
#11 C:\xampp\htdocs\School-Management-De_migration\app\Controllers\Admin.php(108): view('backend/index', Array)
#12 C:\xampp\htdocs\School-Management-De_migration\vendor\codeigniter4\framework\system\CodeIgniter.php(933): App\Controllers\Admin->dashboard()
#13 C:\xampp\htdocs\School-Management-De_migration\vendor\codeigniter4\framework\system\CodeIgniter.php(507): CodeIgniter\CodeIgniter->runController(Object(App\Controllers\Admin))
#14 C:\xampp\htdocs\School-Management-De_migration\vendor\codeigniter4\framework\system\CodeIgniter.php(354): CodeIgniter\CodeIgniter->handleRequest(NULL, Object(Config\Cache), false)
#15 C:\xampp\htdocs\School-Management-De_migration\vendor\codeigniter4\framework\system\Boot.php(334): CodeIgniter\CodeIgniter->run()
#16 C:\xampp\htdocs\School-Management-De_migration\vendor\codeigniter4\framework\system\Boot.php(67): CodeIgniter\Boot::runCodeIgniter(Object(CodeIgniter\CodeIgniter))
#17 C:\xampp\htdocs\School-Management-De_migration\index.php(75): CodeIgniter\Boot::bootWeb(Object(Config\Paths))
#18 C:\xampp\htdocs\School-Management-De_migration\vendor\codeigniter4\framework\system\rewrite.php(44): require_once('C:\\xampp\\htdocs...')
#19 {main}
DEBUG - 2026-03-30 18:29:47 --> Session: Class initialized using 'CodeIgniter\Session\Handlers\FileHandler' driver.
DEBUG - 2026-03-30 18:29:57 --> Session: Class initialized using 'CodeIgniter\Session\Handlers\FileHandler' driver.
DEBUG - 2026-03-30 18:29:57 --> Session: Class initialized using 'CodeIgniter\Session\Handlers\FileHandler' driver.
DEBUG - 2026-03-30 18:29:57 --> Total exams not yet taken calculated for school_id 110: 0
ERROR - 2026-03-30 18:29:57 --> mysqli_sql_exception: Table 'wayo_db.events' doesn't exist in C:\xampp\htdocs\School-Management-De_migration\vendor\codeigniter4\framework\system\Database\MySQLi\Connection.php:327
Stack trace:
#0 C:\xampp\htdocs\School-Management-De_migration\vendor\codeigniter4\framework\system\Database\MySQLi\Connection.php(327): mysqli->query('SELECT *\nFROM `...', 0)
#1 C:\xampp\htdocs\School-Management-De_migration\vendor\codeigniter4\framework\system\Database\BaseConnection.php(738): CodeIgniter\Database\MySQLi\Connection->execute('SELECT *\nFROM `...')
#2 C:\xampp\htdocs\School-Management-De_migration\vendor\codeigniter4\framework\system\Database\BaseConnection.php(652): CodeIgniter\Database\BaseConnection->simpleQuery('SELECT *\nFROM `...')
#3 C:\xampp\htdocs\School-Management-De_migration\vendor\codeigniter4\framework\system\Database\BaseBuilder.php(1649): CodeIgniter\Database\BaseConnection->query('SELECT *\nFROM `...', Array, false)
#4 C:\xampp\htdocs\School-Management-De_migration\app\Models\Crud_model.php(293): CodeIgniter\Database\BaseBuilder->get()
#5 C:\xampp\htdocs\School-Management-De_migration\app\Views\backend\student\dashboard\index.php(983): App\Models\Crud_model->get_current_month_events()
#6 C:\xampp\htdocs\School-Management-De_migration\app\Views\backend\index.php(145): include('C:\\xampp\\htdocs...')
#7 C:\xampp\htdocs\School-Management-De_migration\vendor\codeigniter4\framework\system\View\View.php(224): include('C:\\xampp\\htdocs...')
#8 C:\xampp\htdocs\School-Management-De_migration\vendor\codeigniter4\framework\system\View\View.php(227): CodeIgniter\View\View->CodeIgniter\View\{closure}()
#9 C:\xampp\htdocs\School-Management-De_migration\app\View\View.php(353): CodeIgniter\View\View->render('backend/index', Array, true)
#10 C:\xampp\htdocs\School-Management-De_migration\vendor\codeigniter4\framework\system\Common.php(1173): App\View\View->render('backend/index', Array, true)
#11 C:\xampp\htdocs\School-Management-De_migration\app\Controllers\Student.php(294): view('backend/index', Array)
#12 C:\xampp\htdocs\School-Management-De_migration\vendor\codeigniter4\framework\system\CodeIgniter.php(933): App\Controllers\Student->dashboard()
#13 C:\xampp\htdocs\School-Management-De_migration\vendor\codeigniter4\framework\system\CodeIgniter.php(507): CodeIgniter\CodeIgniter->runController(Object(App\Controllers\Student))
#14 C:\xampp\htdocs\School-Management-De_migration\vendor\codeigniter4\framework\system\CodeIgniter.php(354): CodeIgniter\CodeIgniter->handleRequest(NULL, Object(Config\Cache), false)
#15 C:\xampp\htdocs\School-Management-De_migration\vendor\codeigniter4\framework\system\Boot.php(334): CodeIgniter\CodeIgniter->run()
#16 C:\xampp\htdocs\School-Management-De_migration\vendor\codeigniter4\framework\system\Boot.php(67): CodeIgniter\Boot::runCodeIgniter(Object(CodeIgniter\CodeIgniter))
#17 C:\xampp\htdocs\School-Management-De_migration\index.php(75): CodeIgniter\Boot::bootWeb(Object(Config\Paths))
#18 C:\xampp\htdocs\School-Management-De_migration\vendor\codeigniter4\framework\system\rewrite.php(44): require_once('C:\\xampp\\htdocs...')
#19 {main}
DEBUG - 2026-03-30 18:32:26 --> Session: Class initialized using 'CodeIgniter\Session\Handlers\FileHandler' driver.
DEBUG - 2026-03-30 18:32:26 --> Total exams not yet taken calculated for school_id 1: 0
DEBUG - 2026-03-30 18:32:27 --> Session: Class initialized using 'CodeIgniter\Session\Handlers\FileHandler' driver.
DEBUG - 2026-03-30 18:32:27 --> Session: Class initialized using 'CodeIgniter\Session\Handlers\FileHandler' driver.
DEBUG - 2026-03-30 18:32:28 --> Session: Class initialized using 'CodeIgniter\Session\Handlers\FileHandler' driver.
DEBUG - 2026-03-30 18:32:28 --> Total exams not yet taken calculated for school_id 1: 0
WARNING - 2026-03-30 18:32:28 --> [DEPRECATED] json_decode(): Passing null to parameter #1 ($json) of type string is deprecated in APPPATH\Views\backend\admin\settings\payment_settings.php on line 470.
 1 APPPATH\Views\backend\admin\settings\payment_settings.php(470): json_decode(null)
 2 APPPATH\Views\backend\admin\settings\index.php(19): include('C:\\xampp\\htdocs\\School-Management-De_migration\\app\\Views\\backend\\admin\\settings\\payment_settings.php')
 3 APPPATH\Views\backend\index.php(145): include('C:\\xampp\\htdocs\\School-Management-De_migration\\app\\Views\\backend\\admin\\settings\\index.php')
 4 SYSTEMPATH\View\View.php(224): include('C:\\xampp\\htdocs\\School-Management-De_migration\\app\\Views\\backend\\index.php')
 5 SYSTEMPATH\View\View.php(227): CodeIgniter\View\View->CodeIgniter\View\{closure}()
 6 APPPATH\View\View.php(353): CodeIgniter\View\View->render('backend/index', [], true)
 7 SYSTEMPATH\Common.php(1173): App\View\View->render('backend/index', [], true)
 8 APPPATH\Controllers\Superadmin.php(3346): view('backend/index', [...])
 9 SYSTEMPATH\CodeIgniter.php(933): App\Controllers\Superadmin->payment_settings()
10 SYSTEMPATH\CodeIgniter.php(507): CodeIgniter\CodeIgniter->runController(Object(App\Controllers\Superadmin))
11 SYSTEMPATH\CodeIgniter.php(354): CodeIgniter\CodeIgniter->handleRequest(null, Object(Config\Cache), false)
12 SYSTEMPATH\Boot.php(334): CodeIgniter\CodeIgniter->run()
13 SYSTEMPATH\Boot.php(67): CodeIgniter\Boot::runCodeIgniter(Object(CodeIgniter\CodeIgniter))
14 FCPATH\index.php(75): CodeIgniter\Boot::bootWeb(Object(Config\Paths))
15 SYSTEMPATH\rewrite.php(44): require_once('C:\\xampp\\htdocs\\School-Management-De_migration\\index.php')
WARNING - 2026-03-30 18:32:28 --> [DEPRECATED] json_decode(): Passing null to parameter #1 ($json) of type string is deprecated in APPPATH\Views\backend\admin\settings\payment_settings.php on line 471.
 1 APPPATH\Views\backend\admin\settings\payment_settings.php(471): json_decode(null)
 2 APPPATH\Views\backend\admin\settings\index.php(19): include('C:\\xampp\\htdocs\\School-Management-De_migration\\app\\Views\\backend\\admin\\settings\\payment_settings.php')
 3 APPPATH\Views\backend\index.php(145): include('C:\\xampp\\htdocs\\School-Management-De_migration\\app\\Views\\backend\\admin\\settings\\index.php')
 4 SYSTEMPATH\View\View.php(224): include('C:\\xampp\\htdocs\\School-Management-De_migration\\app\\Views\\backend\\index.php')
 5 SYSTEMPATH\View\View.php(227): CodeIgniter\View\View->CodeIgniter\View\{closure}()
 6 APPPATH\View\View.php(353): CodeIgniter\View\View->render('backend/index', [], true)
 7 SYSTEMPATH\Common.php(1173): App\View\View->render('backend/index', [], true)
 8 APPPATH\Controllers\Superadmin.php(3346): view('backend/index', [...])
 9 SYSTEMPATH\CodeIgniter.php(933): App\Controllers\Superadmin->payment_settings()
10 SYSTEMPATH\CodeIgniter.php(507): CodeIgniter\CodeIgniter->runController(Object(App\Controllers\Superadmin))
11 SYSTEMPATH\CodeIgniter.php(354): CodeIgniter\CodeIgniter->handleRequest(null, Object(Config\Cache), false)
12 SYSTEMPATH\Boot.php(334): CodeIgniter\CodeIgniter->run()
13 SYSTEMPATH\Boot.php(67): CodeIgniter\Boot::runCodeIgniter(Object(CodeIgniter\CodeIgniter))
14 FCPATH\index.php(75): CodeIgniter\Boot::bootWeb(Object(Config\Paths))
15 SYSTEMPATH\rewrite.php(44): require_once('C:\\xampp\\htdocs\\School-Management-De_migration\\index.php')
DEBUG - 2026-03-30 18:32:29 --> Session: Class initialized using 'CodeIgniter\Session\Handlers\FileHandler' driver.
DEBUG - 2026-03-30 18:32:29 --> Total exams not yet taken calculated for school_id 1: 0
DEBUG - 2026-03-30 18:32:29 --> Session: Class initialized using 'CodeIgniter\Session\Handlers\FileHandler' driver.
DEBUG - 2026-03-30 18:32:30 --> Total exams not yet taken calculated for school_id 1: 0
