DEBUG - 2026-04-04 00:05:45 --> Session: Class initialized using 'CodeIgniter\Session\Handlers\FileHandler' driver.
DEBUG - 2026-04-04 00:05:47 --> get_events() called - admin_login: NULL
DEBUG - 2026-04-04 00:05:47 --> Session: Class initialized using 'CodeIgniter\Session\Handlers\FileHandler' driver.
DEBUG - 2026-04-04 00:05:47 --> get_events() called - admin_login: NULL
DEBUG - 2026-04-04 00:05:47 --> Session: Class initialized using 'CodeIgniter\Session\Handlers\FileHandler' driver.
DEBUG - 2026-04-04 00:05:47 --> get_events() called - admin_login: NULL
DEBUG - 2026-04-04 00:05:47 --> Session: Class initialized using 'CodeIgniter\Session\Handlers\FileHandler' driver.
DEBUG - 2026-04-04 00:05:47 --> get_events() called - admin_login: NULL
DEBUG - 2026-04-04 00:05:47 --> Session: Class initialized using 'CodeIgniter\Session\Handlers\FileHandler' driver.
DEBUG - 2026-04-04 00:05:47 --> get_events() called - admin_login: NULL
DEBUG - 2026-04-04 00:05:47 --> Session: Class initialized using 'CodeIgniter\Session\Handlers\FileHandler' driver.
DEBUG - 2026-04-04 00:05:47 --> Session: Class initialized using 'CodeIgniter\Session\Handlers\FileHandler' driver.
DEBUG - 2026-04-04 00:05:47 --> Session: Class initialized using 'CodeIgniter\Session\Handlers\FileHandler' driver.
DEBUG - 2026-04-04 00:05:47 --> Session: Class initialized using 'CodeIgniter\Session\Handlers\FileHandler' driver.
DEBUG - 2026-04-04 00:05:47 --> get_events() called - admin_login: NULL
DEBUG - 2026-04-04 00:05:47 --> Session: Class initialized using 'CodeIgniter\Session\Handlers\FileHandler' driver.
DEBUG - 2026-04-04 00:05:48 --> Session: Class initialized using 'CodeIgniter\Session\Handlers\FileHandler' driver.
DEBUG - 2026-04-04 00:05:48 --> Session: Class initialized using 'CodeIgniter\Session\Handlers\FileHandler' driver.
DEBUG - 2026-04-04 00:05:58 --> Session: Class initialized using 'CodeIgniter\Session\Handlers\FileHandler' driver.
DEBUG - 2026-04-04 00:06:01 --> Session: Class initialized using 'CodeIgniter\Session\Handlers\FileHandler' driver.
DEBUG - 2026-04-04 00:06:02 --> Total exams not yet taken calculated for school_id 93: 0
ERROR - 2026-04-04 00:06:02 --> Table 'wayo_db.attendance' doesn't exist
in SYSTEMPATH\Database\MySQLi\Connection.php on line 300.
 1 SYSTEMPATH\Database\MySQLi\Connection.php(300): mysqli->query('SELECT COUNT(*) AS `numrows`
FROM `attendance`
WHERE `school_id` = \'93\'
AND `date` = \'2026-04-04\'', 0)
 2 SYSTEMPATH\Database\BaseConnection.php(910): CodeIgniter\Database\MySQLi\Connection->execute('SELECT COUNT(*) AS `numrows`
FROM `attendance`
WHERE `school_id` = \'93\'
AND `date` = \'2026-04-04\'')
 3 SYSTEMPATH\Database\BaseConnection.php(827): CodeIgniter\Database\BaseConnection->simpleQuery('SELECT COUNT(*) AS `numrows`
FROM `attendance`
WHERE `school_id` = \'93\'
AND `date` = \'2026-04-04\'')
 4 SYSTEMPATH\Database\BaseBuilder.php(1733): CodeIgniter\Database\BaseConnection->query('SELECT COUNT(*) AS `numrows`
FROM `attendance`
WHERE `school_id` = :school_id:
AND `date` = :date:', [...], false)
 5 APPPATH\Models\Crud_model.php(310): CodeIgniter\Database\BaseBuilder->countAllResults()
 6 APPPATH\Views\backend\admin\dashboard\index.php(666): App\Models\Crud_model->get_todays_attendance()
 7 APPPATH\Views\backend\index.php(147): include('C:\\xampp\\htdocs\\School-Management-De_migration\\app\\Views\\backend\\admin\\dashboard\\index.php')
 8 SYSTEMPATH\View\View.php(240): include('C:\\xampp\\htdocs\\School-Management-De_migration\\app\\Views\\backend\\index.php')
 9 SYSTEMPATH\View\View.php(243): CodeIgniter\View\View->CodeIgniter\View\{closure}()
10 APPPATH\View\View.php(357): CodeIgniter\View\View->render('backend/index', [], true)
11 SYSTEMPATH\Common.php(1250): App\View\View->render('backend/index', [], true)
12 APPPATH\Controllers\Admin.php(108): view('backend/index', [...])
13 APPPATH\Config\Routes.php(333): App\Controllers\Admin->dashboard()
14 SYSTEMPATH\CodeIgniter.php(872): CodeIgniter\Router\RouteCollection::{closure}()
15 SYSTEMPATH\CodeIgniter.php(480): CodeIgniter\CodeIgniter->startController()
16 SYSTEMPATH\CodeIgniter.php(340): CodeIgniter\CodeIgniter->handleRequest(null, Object(Config\Cache), false)
17 SYSTEMPATH\Boot.php(417): CodeIgniter\CodeIgniter->run()
18 SYSTEMPATH\Boot.php(68): CodeIgniter\Boot::runCodeIgniter(Object(CodeIgniter\CodeIgniter))
19 FCPATH\index.php(75): CodeIgniter\Boot::bootWeb(Object(Config\Paths))
ERROR - 2026-04-04 00:06:02 --> Table 'wayo_db.attendance' doesn't exist
in SYSTEMPATH\Database\MySQLi\Connection.php on line 300.
 1 SYSTEMPATH\Database\MySQLi\Connection.php(300): mysqli->query('SELECT COUNT(*) AS `numrows`
FROM `attendance`
WHERE `school_id` = \'93\'
AND `date` = \'2026-04-04\'', 0)
 2 SYSTEMPATH\Database\BaseConnection.php(910): CodeIgniter\Database\MySQLi\Connection->execute('SELECT COUNT(*) AS `numrows`
FROM `attendance`
WHERE `school_id` = \'93\'
AND `date` = \'2026-04-04\'')
 3 SYSTEMPATH\Database\BaseConnection.php(827): CodeIgniter\Database\BaseConnection->simpleQuery('SELECT COUNT(*) AS `numrows`
FROM `attendance`
WHERE `school_id` = \'93\'
AND `date` = \'2026-04-04\'')
 4 SYSTEMPATH\Database\BaseBuilder.php(1733): CodeIgniter\Database\BaseConnection->query('SELECT COUNT(*) AS `numrows`
FROM `attendance`
WHERE `school_id` = :school_id:
AND `date` = :date:', [...], false)
 5 APPPATH\Models\Crud_model.php(310): CodeIgniter\Database\BaseBuilder->countAllResults()
 6 APPPATH\Views\backend\admin\dashboard\index.php(667): App\Models\Crud_model->get_todays_attendance()
 7 APPPATH\Views\backend\index.php(147): include('C:\\xampp\\htdocs\\School-Management-De_migration\\app\\Views\\backend\\admin\\dashboard\\index.php')
 8 SYSTEMPATH\View\View.php(240): include('C:\\xampp\\htdocs\\School-Management-De_migration\\app\\Views\\backend\\index.php')
 9 SYSTEMPATH\View\View.php(243): CodeIgniter\View\View->CodeIgniter\View\{closure}()
10 APPPATH\View\View.php(357): CodeIgniter\View\View->render('backend/index', [], true)
11 SYSTEMPATH\Common.php(1250): App\View\View->render('backend/index', [], true)
12 APPPATH\Controllers\Admin.php(108): view('backend/index', [...])
13 APPPATH\Config\Routes.php(333): App\Controllers\Admin->dashboard()
14 SYSTEMPATH\CodeIgniter.php(872): CodeIgniter\Router\RouteCollection::{closure}()
15 SYSTEMPATH\CodeIgniter.php(480): CodeIgniter\CodeIgniter->startController()
16 SYSTEMPATH\CodeIgniter.php(340): CodeIgniter\CodeIgniter->handleRequest(null, Object(Config\Cache), false)
17 SYSTEMPATH\Boot.php(417): CodeIgniter\CodeIgniter->run()
18 SYSTEMPATH\Boot.php(68): CodeIgniter\Boot::runCodeIgniter(Object(CodeIgniter\CodeIgniter))
19 FCPATH\index.php(75): CodeIgniter\Boot::bootWeb(Object(Config\Paths))
ERROR - 2026-04-04 00:06:02 --> Table 'wayo_db.events' doesn't exist
in SYSTEMPATH\Database\MySQLi\Connection.php on line 300.
 1 SYSTEMPATH\Database\MySQLi\Connection.php(300): mysqli->query('SELECT *
FROM `events`
WHERE `school_id` = \'93\'
AND `date` >= \'2026-04-01\'
AND `date` <= \'2026-04-30\'', 0)
 2 SYSTEMPATH\Database\BaseConnection.php(910): CodeIgniter\Database\MySQLi\Connection->execute('SELECT *
FROM `events`
WHERE `school_id` = \'93\'
AND `date` >= \'2026-04-01\'
AND `date` <= \'2026-04-30\'')
 3 SYSTEMPATH\Database\BaseConnection.php(827): CodeIgniter\Database\BaseConnection->simpleQuery('SELECT *
FROM `events`
WHERE `school_id` = \'93\'
AND `date` >= \'2026-04-01\'
AND `date` <= \'2026-04-30\'')
 4 SYSTEMPATH\Database\BaseBuilder.php(1649): CodeIgniter\Database\BaseConnection->query('SELECT *
FROM `events`
WHERE `school_id` = :school_id:
AND `date` >= :date:
AND `date` <= :date.1:', [...], false)
 5 APPPATH\Models\Crud_model.php(292): CodeIgniter\Database\BaseBuilder->get()
 6 APPPATH\Views\backend\admin\dashboard\index.php(681): App\Models\Crud_model->get_current_month_events()
 7 APPPATH\Views\backend\index.php(147): include('C:\\xampp\\htdocs\\School-Management-De_migration\\app\\Views\\backend\\admin\\dashboard\\index.php')
 8 SYSTEMPATH\View\View.php(240): include('C:\\xampp\\htdocs\\School-Management-De_migration\\app\\Views\\backend\\index.php')
 9 SYSTEMPATH\View\View.php(243): CodeIgniter\View\View->CodeIgniter\View\{closure}()
10 APPPATH\View\View.php(357): CodeIgniter\View\View->render('backend/index', [], true)
11 SYSTEMPATH\Common.php(1250): App\View\View->render('backend/index', [], true)
12 APPPATH\Controllers\Admin.php(108): view('backend/index', [...])
13 APPPATH\Config\Routes.php(333): App\Controllers\Admin->dashboard()
14 SYSTEMPATH\CodeIgniter.php(872): CodeIgniter\Router\RouteCollection::{closure}()
15 SYSTEMPATH\CodeIgniter.php(480): CodeIgniter\CodeIgniter->startController()
16 SYSTEMPATH\CodeIgniter.php(340): CodeIgniter\CodeIgniter->handleRequest(null, Object(Config\Cache), false)
17 SYSTEMPATH\Boot.php(417): CodeIgniter\CodeIgniter->run()
18 SYSTEMPATH\Boot.php(68): CodeIgniter\Boot::runCodeIgniter(Object(CodeIgniter\CodeIgniter))
19 FCPATH\index.php(75): CodeIgniter\Boot::bootWeb(Object(Config\Paths))
ERROR - 2026-04-04 00:06:02 --> Table 'wayo_db.attendance' doesn't exist
in SYSTEMPATH\Database\MySQLi\Connection.php on line 300.
 1 SYSTEMPATH\Database\MySQLi\Connection.php(300): mysqli->query('SELECT COUNT(*) AS `numrows`
FROM `attendance`
WHERE `school_id` = \'93\'
AND `date` = \'2026-04-04\'', 0)
 2 SYSTEMPATH\Database\BaseConnection.php(910): CodeIgniter\Database\MySQLi\Connection->execute('SELECT COUNT(*) AS `numrows`
FROM `attendance`
WHERE `school_id` = \'93\'
AND `date` = \'2026-04-04\'')
 3 SYSTEMPATH\Database\BaseConnection.php(827): CodeIgniter\Database\BaseConnection->simpleQuery('SELECT COUNT(*) AS `numrows`
FROM `attendance`
WHERE `school_id` = \'93\'
AND `date` = \'2026-04-04\'')
 4 SYSTEMPATH\Database\BaseBuilder.php(1733): CodeIgniter\Database\BaseConnection->query('SELECT COUNT(*) AS `numrows`
FROM `attendance`
WHERE `school_id` = :school_id:
AND `date` = :date:', [...], false)
 5 APPPATH\Models\Crud_model.php(310): CodeIgniter\Database\BaseBuilder->countAllResults()
 6 APPPATH\Views\backend\admin\dashboard\index.php(696): App\Models\Crud_model->get_todays_attendance()
 7 APPPATH\Views\backend\index.php(147): include('C:\\xampp\\htdocs\\School-Management-De_migration\\app\\Views\\backend\\admin\\dashboard\\index.php')
 8 SYSTEMPATH\View\View.php(240): include('C:\\xampp\\htdocs\\School-Management-De_migration\\app\\Views\\backend\\index.php')
 9 SYSTEMPATH\View\View.php(243): CodeIgniter\View\View->CodeIgniter\View\{closure}()
10 APPPATH\View\View.php(357): CodeIgniter\View\View->render('backend/index', [], true)
11 SYSTEMPATH\Common.php(1250): App\View\View->render('backend/index', [], true)
12 APPPATH\Controllers\Admin.php(108): view('backend/index', [...])
13 APPPATH\Config\Routes.php(333): App\Controllers\Admin->dashboard()
14 SYSTEMPATH\CodeIgniter.php(872): CodeIgniter\Router\RouteCollection::{closure}()
15 SYSTEMPATH\CodeIgniter.php(480): CodeIgniter\CodeIgniter->startController()
16 SYSTEMPATH\CodeIgniter.php(340): CodeIgniter\CodeIgniter->handleRequest(null, Object(Config\Cache), false)
17 SYSTEMPATH\Boot.php(417): CodeIgniter\CodeIgniter->run()
18 SYSTEMPATH\Boot.php(68): CodeIgniter\Boot::runCodeIgniter(Object(CodeIgniter\CodeIgniter))
19 FCPATH\index.php(75): CodeIgniter\Boot::bootWeb(Object(Config\Paths))
ERROR - 2026-04-04 00:06:02 --> Table 'wayo_db.events' doesn't exist
in SYSTEMPATH\Database\MySQLi\Connection.php on line 300.
 1 SYSTEMPATH\Database\MySQLi\Connection.php(300): mysqli->query('SELECT *
FROM `events`
WHERE `school_id` = \'93\'
AND `date` >= \'2026-04-01\'
AND `date` <= \'2026-04-30\'', 0)
 2 SYSTEMPATH\Database\BaseConnection.php(910): CodeIgniter\Database\MySQLi\Connection->execute('SELECT *
FROM `events`
WHERE `school_id` = \'93\'
AND `date` >= \'2026-04-01\'
AND `date` <= \'2026-04-30\'')
 3 SYSTEMPATH\Database\BaseConnection.php(827): CodeIgniter\Database\BaseConnection->simpleQuery('SELECT *
FROM `events`
WHERE `school_id` = \'93\'
AND `date` >= \'2026-04-01\'
AND `date` <= \'2026-04-30\'')
 4 SYSTEMPATH\Database\BaseBuilder.php(1649): CodeIgniter\Database\BaseConnection->query('SELECT *
FROM `events`
WHERE `school_id` = :school_id:
AND `date` >= :date:
AND `date` <= :date.1:', [...], false)
 5 APPPATH\Models\Crud_model.php(292): CodeIgniter\Database\BaseBuilder->get()
 6 APPPATH\Views\backend\admin\dashboard\index.php(719): App\Models\Crud_model->get_current_month_events()
 7 APPPATH\Views\backend\index.php(147): include('C:\\xampp\\htdocs\\School-Management-De_migration\\app\\Views\\backend\\admin\\dashboard\\index.php')
 8 SYSTEMPATH\View\View.php(240): include('C:\\xampp\\htdocs\\School-Management-De_migration\\app\\Views\\backend\\index.php')
 9 SYSTEMPATH\View\View.php(243): CodeIgniter\View\View->CodeIgniter\View\{closure}()
10 APPPATH\View\View.php(357): CodeIgniter\View\View->render('backend/index', [], true)
11 SYSTEMPATH\Common.php(1250): App\View\View->render('backend/index', [], true)
12 APPPATH\Controllers\Admin.php(108): view('backend/index', [...])
13 APPPATH\Config\Routes.php(333): App\Controllers\Admin->dashboard()
14 SYSTEMPATH\CodeIgniter.php(872): CodeIgniter\Router\RouteCollection::{closure}()
15 SYSTEMPATH\CodeIgniter.php(480): CodeIgniter\CodeIgniter->startController()
16 SYSTEMPATH\CodeIgniter.php(340): CodeIgniter\CodeIgniter->handleRequest(null, Object(Config\Cache), false)
17 SYSTEMPATH\Boot.php(417): CodeIgniter\CodeIgniter->run()
18 SYSTEMPATH\Boot.php(68): CodeIgniter\Boot::runCodeIgniter(Object(CodeIgniter\CodeIgniter))
19 FCPATH\index.php(75): CodeIgniter\Boot::bootWeb(Object(Config\Paths))
DEBUG - 2026-04-04 00:06:10 --> Session: Class initialized using 'CodeIgniter\Session\Handlers\FileHandler' driver.
DEBUG - 2026-04-04 00:06:10 --> calendar() called - admin_login: true, user_type: 'admin', session_id: '8e0a5e3396ed4f171c8a451524f9647e', all_session: array (
  '__ci_last_regenerate' => 1775257547,
  '_ci_previous_url' => 'http://localhost/School-Management-De_migration/app/dashboard',
  'user' => 
  (object) array(
     'id' => '266',
     'name' => 'ds55uuuuuuu5qdf55sf sdfsf',
     'email' => 'fattahallam1949@gmail.com',
     'humhub_id' => NULL,
     'password' => 'f7c3bc1d808e04732adf679965ccc34ca7ae3441',
     'role' => 'admin',
     'address' => 'sdfsfffffffffffffffffffff00',
     'Rue' => 'sqdsqdqd',
     'Numero' => '454545',
     'Ville' => 'casablanca',
     'Codepostal' => '20600',
     'num_vat' => '56555656',
     'phone' => '06058855663',
     'remember_token' => NULL,
     'birthday' => '2024-10-31',
     'gender' => 'Male',
     'school_id' => '93',
     'authentication_key' => NULL,
     'watch_history' => '[{"lesson_id":"113","progress":"1"},{"lesson_id":"110","progress":"1"},{"lesson_id":"111","progress":"1"},{"lesson_id":"112","progress":"1"},{"lesson_id":"114","progress":"1"},{"lesson_id":"116","progress":"1"},{"lesson_id":"115","progress":"1"},{"lesson_id":"71","progress":"1"},{"lesson_id":"159","progress":"1"}]',
     'status' => '1',
     'reset_token' => NULL,
     'reset_expires_at' => NULL,
     'created_date' => '2025-05-15 14:27:15',
     'updated_date' => '2026-04-02 17:03:58',
     'language' => 'english',
     'kb_account_id_perso' => NULL,
     'kb_external_key_perso' => NULL,
  ),
  'password' => '123456789',
  'user_login_type' => true,
  'active_school_id' => '93',
  'school_id' => '93',
  'admin_login' => true,
  'user_id' => '266',
  'user_name' => 'ds55uuuuuuu5qdf55sf sdfsf',
  'user_type' => 'admin',
  'role' => 'admin',
  'language' => 'english',
  'lang_code' => 'en',
)
DEBUG - 2026-04-04 00:06:11 --> Total exams not yet taken calculated for school_id 93: 0
DEBUG - 2026-04-04 00:06:14 --> Session: Class initialized using 'CodeIgniter\Session\Handlers\FileHandler' driver.
DEBUG - 2026-04-04 00:06:14 --> Session: Class initialized using 'CodeIgniter\Session\Handlers\FileHandler' driver.
DEBUG - 2026-04-04 00:06:14 --> Session: Class initialized using 'CodeIgniter\Session\Handlers\FileHandler' driver.
DEBUG - 2026-04-04 00:06:14 --> get_events() called - admin_login: true
DEBUG - 2026-04-04 00:06:14 --> Session: Class initialized using 'CodeIgniter\Session\Handlers\FileHandler' driver.
DEBUG - 2026-04-04 00:06:14 --> get_events() called - admin_login: true
DEBUG - 2026-04-04 00:06:14 --> Session: Class initialized using 'CodeIgniter\Session\Handlers\FileHandler' driver.
DEBUG - 2026-04-04 00:10:28 --> Session: Class initialized using 'CodeIgniter\Session\Handlers\FileHandler' driver.
DEBUG - 2026-04-04 00:10:28 --> get_events() called - admin_login: true
DEBUG - 2026-04-04 00:11:18 --> Session: Class initialized using 'CodeIgniter\Session\Handlers\FileHandler' driver.
DEBUG - 2026-04-04 00:11:18 --> get_events() called - admin_login: true
DEBUG - 2026-04-04 00:11:24 --> Session: Class initialized using 'CodeIgniter\Session\Handlers\FileHandler' driver.
DEBUG - 2026-04-04 00:11:24 --> calendar() called - admin_login: true, user_type: 'admin', session_id: 'c3cf667ea3da31593f7d58f58e8aba16', all_session: array (
  '__ci_last_regenerate' => 1775257884,
  '_ci_previous_url' => 'http://localhost/School-Management-De_migration/app/calendar',
  'user' => 
  (object) array(
     'id' => '266',
     'name' => 'ds55uuuuuuu5qdf55sf sdfsf',
     'email' => 'fattahallam1949@gmail.com',
     'humhub_id' => NULL,
     'password' => 'f7c3bc1d808e04732adf679965ccc34ca7ae3441',
     'role' => 'admin',
     'address' => 'sdfsfffffffffffffffffffff00',
     'Rue' => 'sqdsqdqd',
     'Numero' => '454545',
     'Ville' => 'casablanca',
     'Codepostal' => '20600',
     'num_vat' => '56555656',
     'phone' => '06058855663',
     'remember_token' => NULL,
     'birthday' => '2024-10-31',
     'gender' => 'Male',
     'school_id' => '93',
     'authentication_key' => NULL,
     'watch_history' => '[{"lesson_id":"113","progress":"1"},{"lesson_id":"110","progress":"1"},{"lesson_id":"111","progress":"1"},{"lesson_id":"112","progress":"1"},{"lesson_id":"114","progress":"1"},{"lesson_id":"116","progress":"1"},{"lesson_id":"115","progress":"1"},{"lesson_id":"71","progress":"1"},{"lesson_id":"159","progress":"1"}]',
     'status' => '1',
     'reset_token' => NULL,
     'reset_expires_at' => NULL,
     'created_date' => '2025-05-15 14:27:15',
     'updated_date' => '2026-04-02 17:03:58',
     'language' => 'english',
     'kb_account_id_perso' => NULL,
     'kb_external_key_perso' => NULL,
  ),
  'password' => '123456789',
  'user_login_type' => true,
  'active_school_id' => '93',
  'school_id' => '93',
  'admin_login' => true,
  'user_id' => '266',
  'user_name' => 'ds55uuuuuuu5qdf55sf sdfsf',
  'user_type' => 'admin',
  'role' => 'admin',
  'language' => 'english',
  'lang_code' => 'en',
)
DEBUG - 2026-04-04 00:11:25 --> Total exams not yet taken calculated for school_id 93: 0
DEBUG - 2026-04-04 00:11:27 --> Session: Class initialized using 'CodeIgniter\Session\Handlers\FileHandler' driver.
DEBUG - 2026-04-04 00:11:27 --> Session: Class initialized using 'CodeIgniter\Session\Handlers\FileHandler' driver.
DEBUG - 2026-04-04 00:11:27 --> Session: Class initialized using 'CodeIgniter\Session\Handlers\FileHandler' driver.
DEBUG - 2026-04-04 00:11:27 --> get_events() called - admin_login: true
DEBUG - 2026-04-04 00:11:27 --> Session: Class initialized using 'CodeIgniter\Session\Handlers\FileHandler' driver.
DEBUG - 2026-04-04 00:11:27 --> get_events() called - admin_login: true
DEBUG - 2026-04-04 00:11:27 --> Session: Class initialized using 'CodeIgniter\Session\Handlers\FileHandler' driver.
DEBUG - 2026-04-04 00:11:33 --> Session: Class initialized using 'CodeIgniter\Session\Handlers\FileHandler' driver.
DEBUG - 2026-04-04 00:11:33 --> calendar() called - admin_login: true, user_type: 'admin', session_id: 'c3cf667ea3da31593f7d58f58e8aba16', all_session: array (
  '__ci_last_regenerate' => 1775257884,
  '_ci_previous_url' => 'http://localhost/School-Management-De_migration/app/calendar',
  'user' => 
  (object) array(
     'id' => '266',
     'name' => 'ds55uuuuuuu5qdf55sf sdfsf',
     'email' => 'fattahallam1949@gmail.com',
     'humhub_id' => NULL,
     'password' => 'f7c3bc1d808e04732adf679965ccc34ca7ae3441',
     'role' => 'admin',
     'address' => 'sdfsfffffffffffffffffffff00',
     'Rue' => 'sqdsqdqd',
     'Numero' => '454545',
     'Ville' => 'casablanca',
     'Codepostal' => '20600',
     'num_vat' => '56555656',
     'phone' => '06058855663',
     'remember_token' => NULL,
     'birthday' => '2024-10-31',
     'gender' => 'Male',
     'school_id' => '93',
     'authentication_key' => NULL,
     'watch_history' => '[{"lesson_id":"113","progress":"1"},{"lesson_id":"110","progress":"1"},{"lesson_id":"111","progress":"1"},{"lesson_id":"112","progress":"1"},{"lesson_id":"114","progress":"1"},{"lesson_id":"116","progress":"1"},{"lesson_id":"115","progress":"1"},{"lesson_id":"71","progress":"1"},{"lesson_id":"159","progress":"1"}]',
     'status' => '1',
     'reset_token' => NULL,
     'reset_expires_at' => NULL,
     'created_date' => '2025-05-15 14:27:15',
     'updated_date' => '2026-04-02 17:03:58',
     'language' => 'english',
     'kb_account_id_perso' => NULL,
     'kb_external_key_perso' => NULL,
  ),
  'password' => '123456789',
  'user_login_type' => true,
  'active_school_id' => '93',
  'school_id' => '93',
  'admin_login' => true,
  'user_id' => '266',
  'user_name' => 'ds55uuuuuuu5qdf55sf sdfsf',
  'user_type' => 'admin',
  'role' => 'admin',
  'language' => 'english',
  'lang_code' => 'en',
)
DEBUG - 2026-04-04 00:11:34 --> Total exams not yet taken calculated for school_id 93: 0
DEBUG - 2026-04-04 00:11:36 --> Session: Class initialized using 'CodeIgniter\Session\Handlers\FileHandler' driver.
DEBUG - 2026-04-04 00:11:36 --> Session: Class initialized using 'CodeIgniter\Session\Handlers\FileHandler' driver.
DEBUG - 2026-04-04 00:11:36 --> Session: Class initialized using 'CodeIgniter\Session\Handlers\FileHandler' driver.
DEBUG - 2026-04-04 00:11:36 --> get_events() called - admin_login: true
DEBUG - 2026-04-04 00:11:36 --> Session: Class initialized using 'CodeIgniter\Session\Handlers\FileHandler' driver.
DEBUG - 2026-04-04 00:11:36 --> get_events() called - admin_login: true
DEBUG - 2026-04-04 00:11:36 --> Session: Class initialized using 'CodeIgniter\Session\Handlers\FileHandler' driver.
DEBUG - 2026-04-04 00:11:53 --> Session: Class initialized using 'CodeIgniter\Session\Handlers\FileHandler' driver.
DEBUG - 2026-04-04 00:11:53 --> calendar() called - admin_login: true, user_type: 'admin', session_id: 'c3cf667ea3da31593f7d58f58e8aba16', all_session: array (
  '__ci_last_regenerate' => 1775257884,
  '_ci_previous_url' => 'http://localhost/School-Management-De_migration/app/calendar',
  'user' => 
  (object) array(
     'id' => '266',
     'name' => 'ds55uuuuuuu5qdf55sf sdfsf',
     'email' => 'fattahallam1949@gmail.com',
     'humhub_id' => NULL,
     'password' => 'f7c3bc1d808e04732adf679965ccc34ca7ae3441',
     'role' => 'admin',
     'address' => 'sdfsfffffffffffffffffffff00',
     'Rue' => 'sqdsqdqd',
     'Numero' => '454545',
     'Ville' => 'casablanca',
     'Codepostal' => '20600',
     'num_vat' => '56555656',
     'phone' => '06058855663',
     'remember_token' => NULL,
     'birthday' => '2024-10-31',
     'gender' => 'Male',
     'school_id' => '93',
     'authentication_key' => NULL,
     'watch_history' => '[{"lesson_id":"113","progress":"1"},{"lesson_id":"110","progress":"1"},{"lesson_id":"111","progress":"1"},{"lesson_id":"112","progress":"1"},{"lesson_id":"114","progress":"1"},{"lesson_id":"116","progress":"1"},{"lesson_id":"115","progress":"1"},{"lesson_id":"71","progress":"1"},{"lesson_id":"159","progress":"1"}]',
     'status' => '1',
     'reset_token' => NULL,
     'reset_expires_at' => NULL,
     'created_date' => '2025-05-15 14:27:15',
     'updated_date' => '2026-04-02 17:03:58',
     'language' => 'english',
     'kb_account_id_perso' => NULL,
     'kb_external_key_perso' => NULL,
  ),
  'password' => '123456789',
  'user_login_type' => true,
  'active_school_id' => '93',
  'school_id' => '93',
  'admin_login' => true,
  'user_id' => '266',
  'user_name' => 'ds55uuuuuuu5qdf55sf sdfsf',
  'user_type' => 'admin',
  'role' => 'admin',
  'language' => 'english',
  'lang_code' => 'en',
)
DEBUG - 2026-04-04 00:11:54 --> Total exams not yet taken calculated for school_id 93: 0
DEBUG - 2026-04-04 00:11:56 --> Session: Class initialized using 'CodeIgniter\Session\Handlers\FileHandler' driver.
DEBUG - 2026-04-04 00:11:56 --> Session: Class initialized using 'CodeIgniter\Session\Handlers\FileHandler' driver.
DEBUG - 2026-04-04 00:11:56 --> Session: Class initialized using 'CodeIgniter\Session\Handlers\FileHandler' driver.
DEBUG - 2026-04-04 00:11:57 --> get_events() called - admin_login: true
DEBUG - 2026-04-04 00:11:57 --> Session: Class initialized using 'CodeIgniter\Session\Handlers\FileHandler' driver.
DEBUG - 2026-04-04 00:11:57 --> get_events() called - admin_login: true
DEBUG - 2026-04-04 00:11:57 --> Session: Class initialized using 'CodeIgniter\Session\Handlers\FileHandler' driver.
DEBUG - 2026-04-04 00:13:55 --> Session: Class initialized using 'CodeIgniter\Session\Handlers\FileHandler' driver.
DEBUG - 2026-04-04 00:13:55 --> Session: Class initialized using 'CodeIgniter\Session\Handlers\FileHandler' driver.
DEBUG - 2026-04-04 00:16:34 --> Session: Class initialized using 'CodeIgniter\Session\Handlers\FileHandler' driver.
DEBUG - 2026-04-04 00:16:34 --> get_events() called - admin_login: true
DEBUG - 2026-04-04 00:18:07 --> Session: Class initialized using 'CodeIgniter\Session\Handlers\FileHandler' driver.
DEBUG - 2026-04-04 00:18:07 --> get_events() called - admin_login: true
DEBUG - 2026-04-04 00:18:11 --> Session: Class initialized using 'CodeIgniter\Session\Handlers\FileHandler' driver.
DEBUG - 2026-04-04 00:18:11 --> calendar() called - admin_login: true, user_type: 'admin', session_id: 'f8c4e840a00e07b3325b17b22b70e416', all_session: array (
  '__ci_last_regenerate' => 1775258291,
  '_ci_previous_url' => 'http://localhost/School-Management-De_migration/app/calendar',
  'user' => 
  (object) array(
     'id' => '266',
     'name' => 'ds55uuuuuuu5qdf55sf sdfsf',
     'email' => 'fattahallam1949@gmail.com',
     'humhub_id' => NULL,
     'password' => 'f7c3bc1d808e04732adf679965ccc34ca7ae3441',
     'role' => 'admin',
     'address' => 'sdfsfffffffffffffffffffff00',
     'Rue' => 'sqdsqdqd',
     'Numero' => '454545',
     'Ville' => 'casablanca',
     'Codepostal' => '20600',
     'num_vat' => '56555656',
     'phone' => '06058855663',
     'remember_token' => NULL,
     'birthday' => '2024-10-31',
     'gender' => 'Male',
     'school_id' => '93',
     'authentication_key' => NULL,
     'watch_history' => '[{"lesson_id":"113","progress":"1"},{"lesson_id":"110","progress":"1"},{"lesson_id":"111","progress":"1"},{"lesson_id":"112","progress":"1"},{"lesson_id":"114","progress":"1"},{"lesson_id":"116","progress":"1"},{"lesson_id":"115","progress":"1"},{"lesson_id":"71","progress":"1"},{"lesson_id":"159","progress":"1"}]',
     'status' => '1',
     'reset_token' => NULL,
     'reset_expires_at' => NULL,
     'created_date' => '2025-05-15 14:27:15',
     'updated_date' => '2026-04-02 17:03:58',
     'language' => 'english',
     'kb_account_id_perso' => NULL,
     'kb_external_key_perso' => NULL,
  ),
  'password' => '123456789',
  'user_login_type' => true,
  'active_school_id' => '93',
  'school_id' => '93',
  'admin_login' => true,
  'user_id' => '266',
  'user_name' => 'ds55uuuuuuu5qdf55sf sdfsf',
  'user_type' => 'admin',
  'role' => 'admin',
  'language' => 'english',
  'lang_code' => 'en',
)
DEBUG - 2026-04-04 00:18:11 --> Total exams not yet taken calculated for school_id 93: 0
DEBUG - 2026-04-04 00:18:14 --> Session: Class initialized using 'CodeIgniter\Session\Handlers\FileHandler' driver.
DEBUG - 2026-04-04 00:18:14 --> Session: Class initialized using 'CodeIgniter\Session\Handlers\FileHandler' driver.
DEBUG - 2026-04-04 00:18:14 --> get_events() called - admin_login: true
DEBUG - 2026-04-04 00:18:14 --> Session: Class initialized using 'CodeIgniter\Session\Handlers\FileHandler' driver.
DEBUG - 2026-04-04 00:18:14 --> get_events() called - admin_login: true
DEBUG - 2026-04-04 00:18:14 --> Session: Class initialized using 'CodeIgniter\Session\Handlers\FileHandler' driver.
DEBUG - 2026-04-04 00:18:14 --> Session: Class initialized using 'CodeIgniter\Session\Handlers\FileHandler' driver.
DEBUG - 2026-04-04 00:18:18 --> Session: Class initialized using 'CodeIgniter\Session\Handlers\FileHandler' driver.
DEBUG - 2026-04-04 00:18:18 --> calendar() called - admin_login: true, user_type: 'admin', session_id: 'f8c4e840a00e07b3325b17b22b70e416', all_session: array (
  '__ci_last_regenerate' => 1775258291,
  '_ci_previous_url' => 'http://localhost/School-Management-De_migration/app/calendar',
  'user' => 
  (object) array(
     'id' => '266',
     'name' => 'ds55uuuuuuu5qdf55sf sdfsf',
     'email' => 'fattahallam1949@gmail.com',
     'humhub_id' => NULL,
     'password' => 'f7c3bc1d808e04732adf679965ccc34ca7ae3441',
     'role' => 'admin',
     'address' => 'sdfsfffffffffffffffffffff00',
     'Rue' => 'sqdsqdqd',
     'Numero' => '454545',
     'Ville' => 'casablanca',
     'Codepostal' => '20600',
     'num_vat' => '56555656',
     'phone' => '06058855663',
     'remember_token' => NULL,
     'birthday' => '2024-10-31',
     'gender' => 'Male',
     'school_id' => '93',
     'authentication_key' => NULL,
     'watch_history' => '[{"lesson_id":"113","progress":"1"},{"lesson_id":"110","progress":"1"},{"lesson_id":"111","progress":"1"},{"lesson_id":"112","progress":"1"},{"lesson_id":"114","progress":"1"},{"lesson_id":"116","progress":"1"},{"lesson_id":"115","progress":"1"},{"lesson_id":"71","progress":"1"},{"lesson_id":"159","progress":"1"}]',
     'status' => '1',
     'reset_token' => NULL,
     'reset_expires_at' => NULL,
     'created_date' => '2025-05-15 14:27:15',
     'updated_date' => '2026-04-02 17:03:58',
     'language' => 'english',
     'kb_account_id_perso' => NULL,
     'kb_external_key_perso' => NULL,
  ),
  'password' => '123456789',
  'user_login_type' => true,
  'active_school_id' => '93',
  'school_id' => '93',
  'admin_login' => true,
  'user_id' => '266',
  'user_name' => 'ds55uuuuuuu5qdf55sf sdfsf',
  'user_type' => 'admin',
  'role' => 'admin',
  'language' => 'english',
  'lang_code' => 'en',
)
DEBUG - 2026-04-04 00:18:19 --> Total exams not yet taken calculated for school_id 93: 0
DEBUG - 2026-04-04 00:18:21 --> Session: Class initialized using 'CodeIgniter\Session\Handlers\FileHandler' driver.
DEBUG - 2026-04-04 00:18:21 --> Session: Class initialized using 'CodeIgniter\Session\Handlers\FileHandler' driver.
DEBUG - 2026-04-04 00:18:21 --> Session: Class initialized using 'CodeIgniter\Session\Handlers\FileHandler' driver.
DEBUG - 2026-04-04 00:18:21 --> get_events() called - admin_login: true
DEBUG - 2026-04-04 00:18:21 --> Session: Class initialized using 'CodeIgniter\Session\Handlers\FileHandler' driver.
DEBUG - 2026-04-04 00:18:22 --> get_events() called - admin_login: true
DEBUG - 2026-04-04 00:18:22 --> Session: Class initialized using 'CodeIgniter\Session\Handlers\FileHandler' driver.
DEBUG - 2026-04-04 00:19:12 --> Session: Class initialized using 'CodeIgniter\Session\Handlers\FileHandler' driver.
DEBUG - 2026-04-04 00:19:12 --> get_events() called - admin_login: true
DEBUG - 2026-04-04 00:20:21 --> Session: Class initialized using 'CodeIgniter\Session\Handlers\FileHandler' driver.
DEBUG - 2026-04-04 00:20:21 --> get_events() called - admin_login: true
DEBUG - 2026-04-04 00:21:01 --> Session: Class initialized using 'CodeIgniter\Session\Handlers\FileHandler' driver.
DEBUG - 2026-04-04 00:21:02 --> Session: Class initialized using 'CodeIgniter\Session\Handlers\FileHandler' driver.
DEBUG - 2026-04-04 00:21:02 --> Session: Class initialized using 'CodeIgniter\Session\Handlers\FileHandler' driver.
DEBUG - 2026-04-04 00:21:02 --> get_events() called - admin_login: NULL
DEBUG - 2026-04-04 00:21:05 --> Session: Class initialized using 'CodeIgniter\Session\Handlers\FileHandler' driver.
DEBUG - 2026-04-04 00:21:05 --> get_events() called - admin_login: true
DEBUG - 2026-04-04 00:21:25 --> Session: Class initialized using 'CodeIgniter\Session\Handlers\FileHandler' driver.
DEBUG - 2026-04-04 00:21:25 --> get_events() called - admin_login: true
DEBUG - 2026-04-04 00:21:31 --> Session: Class initialized using 'CodeIgniter\Session\Handlers\FileHandler' driver.
DEBUG - 2026-04-04 00:21:31 --> get_events() called - admin_login: true
DEBUG - 2026-04-04 00:22:12 --> Session: Class initialized using 'CodeIgniter\Session\Handlers\FileHandler' driver.
DEBUG - 2026-04-04 00:22:12 --> get_events() called - admin_login: true
DEBUG - 2026-04-04 00:22:14 --> Session: Class initialized using 'CodeIgniter\Session\Handlers\FileHandler' driver.
DEBUG - 2026-04-04 00:22:14 --> get_events() called - admin_login: true
DEBUG - 2026-04-04 00:22:23 --> Session: Class initialized using 'CodeIgniter\Session\Handlers\FileHandler' driver.
ERROR - 2026-04-04 00:22:23 --> resolveAppRole() called - admin_login: true
ERROR - 2026-04-04 00:22:23 --> resolveAppRole() - user_type: 'admin'
ERROR - 2026-04-04 00:22:23 --> resolveAppRole() - role: 'admin'
ERROR - 2026-04-04 00:22:23 --> dispatchAppAlias() - role: 'admin', method: calendar
DEBUG - 2026-04-04 00:22:23 --> calendar() called - admin_login: true, user_type: 'admin', session_id: 'f8c4e840a00e07b3325b17b22b70e416', all_session: array (
  '__ci_last_regenerate' => 1775258291,
  '_ci_previous_url' => 'http://localhost/School-Management-De_migration/app/calendar',
  'user' => 
  (object) array(
     'id' => '266',
     'name' => 'ds55uuuuuuu5qdf55sf sdfsf',
     'email' => 'fattahallam1949@gmail.com',
     'humhub_id' => NULL,
     'password' => 'f7c3bc1d808e04732adf679965ccc34ca7ae3441',
     'role' => 'admin',
     'address' => 'sdfsfffffffffffffffffffff00',
     'Rue' => 'sqdsqdqd',
     'Numero' => '454545',
     'Ville' => 'casablanca',
     'Codepostal' => '20600',
     'num_vat' => '56555656',
     'phone' => '06058855663',
     'remember_token' => NULL,
     'birthday' => '2024-10-31',
     'gender' => 'Male',
     'school_id' => '93',
     'authentication_key' => NULL,
     'watch_history' => '[{"lesson_id":"113","progress":"1"},{"lesson_id":"110","progress":"1"},{"lesson_id":"111","progress":"1"},{"lesson_id":"112","progress":"1"},{"lesson_id":"114","progress":"1"},{"lesson_id":"116","progress":"1"},{"lesson_id":"115","progress":"1"},{"lesson_id":"71","progress":"1"},{"lesson_id":"159","progress":"1"}]',
     'status' => '1',
     'reset_token' => NULL,
     'reset_expires_at' => NULL,
     'created_date' => '2025-05-15 14:27:15',
     'updated_date' => '2026-04-02 17:03:58',
     'language' => 'english',
     'kb_account_id_perso' => NULL,
     'kb_external_key_perso' => NULL,
  ),
  'password' => '123456789',
  'user_login_type' => true,
  'active_school_id' => '93',
  'school_id' => '93',
  'admin_login' => true,
  'user_id' => '266',
  'user_name' => 'ds55uuuuuuu5qdf55sf sdfsf',
  'user_type' => 'admin',
  'role' => 'admin',
  'language' => 'english',
  'lang_code' => 'en',
)
DEBUG - 2026-04-04 00:22:23 --> Total exams not yet taken calculated for school_id 93: 0
DEBUG - 2026-04-04 00:22:25 --> Session: Class initialized using 'CodeIgniter\Session\Handlers\FileHandler' driver.
ERROR - 2026-04-04 00:22:25 --> resolveAppRole() called - admin_login: true
ERROR - 2026-04-04 00:22:25 --> resolveAppRole() - user_type: 'admin'
ERROR - 2026-04-04 00:22:25 --> resolveAppRole() - role: 'admin'
ERROR - 2026-04-04 00:22:25 --> dispatchAppAlias() - role: 'admin', method: event_calendar
DEBUG - 2026-04-04 00:22:25 --> Session: Class initialized using 'CodeIgniter\Session\Handlers\FileHandler' driver.
ERROR - 2026-04-04 00:22:25 --> resolveAppRole() called - admin_login: true
ERROR - 2026-04-04 00:22:25 --> resolveAppRole() - user_type: 'admin'
ERROR - 2026-04-04 00:22:25 --> resolveAppRole() - role: 'admin'
ERROR - 2026-04-04 00:22:25 --> dispatchAppAlias() - role: 'admin', method: get_user_school
DEBUG - 2026-04-04 00:22:25 --> Session: Class initialized using 'CodeIgniter\Session\Handlers\FileHandler' driver.
DEBUG - 2026-04-04 00:22:25 --> get_events() called - admin_login: true
DEBUG - 2026-04-04 00:22:25 --> Session: Class initialized using 'CodeIgniter\Session\Handlers\FileHandler' driver.
DEBUG - 2026-04-04 00:22:25 --> get_events() called - admin_login: true
DEBUG - 2026-04-04 00:22:25 --> Session: Class initialized using 'CodeIgniter\Session\Handlers\FileHandler' driver.
ERROR - 2026-04-04 00:22:25 --> resolveAppRole() called - admin_login: true
ERROR - 2026-04-04 00:22:26 --> resolveAppRole() - user_type: 'admin'
ERROR - 2026-04-04 00:22:26 --> resolveAppRole() - role: 'admin'
ERROR - 2026-04-04 00:22:26 --> dispatchAppAlias() - role: 'admin', method: get_user_school
DEBUG - 2026-04-04 00:22:59 --> Session: Class initialized using 'CodeIgniter\Session\Handlers\FileHandler' driver.
DEBUG - 2026-04-04 00:22:59 --> get_events() called - admin_login: true
DEBUG - 2026-04-04 00:23:58 --> Session: Class initialized using 'CodeIgniter\Session\Handlers\FileHandler' driver.
DEBUG - 2026-04-04 00:23:58 --> get_events() called - admin_login: true
DEBUG - 2026-04-04 00:26:03 --> Session: Class initialized using 'CodeIgniter\Session\Handlers\FileHandler' driver.
DEBUG - 2026-04-04 00:26:03 --> get_events() called - admin_login: true
DEBUG - 2026-04-04 00:27:43 --> Session: Class initialized using 'CodeIgniter\Session\Handlers\FileHandler' driver.
DEBUG - 2026-04-04 00:27:43 --> get_events() called - admin_login: true
DEBUG - 2026-04-04 00:29:17 --> Session: Class initialized using 'CodeIgniter\Session\Handlers\FileHandler' driver.
DEBUG - 2026-04-04 00:29:17 --> get_events() called - admin_login: true
DEBUG - 2026-04-04 00:29:23 --> Session: Class initialized using 'CodeIgniter\Session\Handlers\FileHandler' driver.
DEBUG - 2026-04-04 00:29:23 --> calendar() called - admin_login: true, user_type: 'admin', session_id: 'adb413dd10091941c359a10ee99c1ed5', all_session: array (
  '__ci_last_regenerate' => 1775258963,
  '_ci_previous_url' => 'http://localhost/School-Management-De_migration/app/calendar',
  'user' => 
  (object) array(
     'id' => '266',
     'name' => 'ds55uuuuuuu5qdf55sf sdfsf',
     'email' => 'fattahallam1949@gmail.com',
     'humhub_id' => NULL,
     'password' => 'f7c3bc1d808e04732adf679965ccc34ca7ae3441',
     'role' => 'admin',
     'address' => 'sdfsfffffffffffffffffffff00',
     'Rue' => 'sqdsqdqd',
     'Numero' => '454545',
     'Ville' => 'casablanca',
     'Codepostal' => '20600',
     'num_vat' => '56555656',
     'phone' => '06058855663',
     'remember_token' => NULL,
     'birthday' => '2024-10-31',
     'gender' => 'Male',
     'school_id' => '93',
     'authentication_key' => NULL,
     'watch_history' => '[{"lesson_id":"113","progress":"1"},{"lesson_id":"110","progress":"1"},{"lesson_id":"111","progress":"1"},{"lesson_id":"112","progress":"1"},{"lesson_id":"114","progress":"1"},{"lesson_id":"116","progress":"1"},{"lesson_id":"115","progress":"1"},{"lesson_id":"71","progress":"1"},{"lesson_id":"159","progress":"1"}]',
     'status' => '1',
     'reset_token' => NULL,
     'reset_expires_at' => NULL,
     'created_date' => '2025-05-15 14:27:15',
     'updated_date' => '2026-04-02 17:03:58',
     'language' => 'english',
     'kb_account_id_perso' => NULL,
     'kb_external_key_perso' => NULL,
  ),
  'password' => '123456789',
  'user_login_type' => true,
  'active_school_id' => '93',
  'school_id' => '93',
  'admin_login' => true,
  'user_id' => '266',
  'user_name' => 'ds55uuuuuuu5qdf55sf sdfsf',
  'user_type' => 'admin',
  'role' => 'admin',
  'language' => 'english',
  'lang_code' => 'en',
)
DEBUG - 2026-04-04 00:29:23 --> Total exams not yet taken calculated for school_id 93: 0
DEBUG - 2026-04-04 00:29:26 --> Session: Class initialized using 'CodeIgniter\Session\Handlers\FileHandler' driver.
DEBUG - 2026-04-04 00:29:26 --> get_events() called - admin_login: true
DEBUG - 2026-04-04 00:29:26 --> Session: Class initialized using 'CodeIgniter\Session\Handlers\FileHandler' driver.
DEBUG - 2026-04-04 00:29:27 --> Session: Class initialized using 'CodeIgniter\Session\Handlers\FileHandler' driver.
DEBUG - 2026-04-04 00:29:27 --> get_events() called - admin_login: true
DEBUG - 2026-04-04 00:29:27 --> Session: Class initialized using 'CodeIgniter\Session\Handlers\FileHandler' driver.
DEBUG - 2026-04-04 00:29:27 --> get_events() called - admin_login: true
DEBUG - 2026-04-04 00:29:27 --> Session: Class initialized using 'CodeIgniter\Session\Handlers\FileHandler' driver.
DEBUG - 2026-04-04 00:29:37 --> Session: Class initialized using 'CodeIgniter\Session\Handlers\FileHandler' driver.
DEBUG - 2026-04-04 00:29:37 --> get_events() called - admin_login: true
DEBUG - 2026-04-04 00:29:37 --> Session: Class initialized using 'CodeIgniter\Session\Handlers\FileHandler' driver.
WARNING - 2026-04-04 00:29:37 --> [DEPRECATED] json_decode(): Passing null to parameter #1 ($json) of type string is deprecated in APPPATH\Controllers\Admin.php on line 5978.
 1 APPPATH\Controllers\Admin.php(5978): json_decode(null, true)
 2 SYSTEMPATH\CodeIgniter.php(951): App\Controllers\Admin->get_school_data()
 3 SYSTEMPATH\CodeIgniter.php(497): CodeIgniter\CodeIgniter->runController(Object(App\Controllers\Admin))
 4 SYSTEMPATH\CodeIgniter.php(340): CodeIgniter\CodeIgniter->handleRequest(null, Object(Config\Cache), false)
 5 SYSTEMPATH\Boot.php(417): CodeIgniter\CodeIgniter->run()
 6 SYSTEMPATH\Boot.php(68): CodeIgniter\Boot::runCodeIgniter(Object(CodeIgniter\CodeIgniter))
 7 FCPATH\index.php(75): CodeIgniter\Boot::bootWeb(Object(Config\Paths))
DEBUG - 2026-04-04 00:29:37 --> Session: Class initialized using 'CodeIgniter\Session\Handlers\FileHandler' driver.
WARNING - 2026-04-04 00:29:37 --> [DEPRECATED] json_decode(): Passing null to parameter #1 ($json) of type string is deprecated in APPPATH\Controllers\Admin.php on line 5978.
 1 APPPATH\Controllers\Admin.php(5978): json_decode(null, true)
 2 SYSTEMPATH\CodeIgniter.php(951): App\Controllers\Admin->get_school_data()
 3 SYSTEMPATH\CodeIgniter.php(497): CodeIgniter\CodeIgniter->runController(Object(App\Controllers\Admin))
 4 SYSTEMPATH\CodeIgniter.php(340): CodeIgniter\CodeIgniter->handleRequest(null, Object(Config\Cache), false)
 5 SYSTEMPATH\Boot.php(417): CodeIgniter\CodeIgniter->run()
 6 SYSTEMPATH\Boot.php(68): CodeIgniter\Boot::runCodeIgniter(Object(CodeIgniter\CodeIgniter))
 7 FCPATH\index.php(75): CodeIgniter\Boot::bootWeb(Object(Config\Paths))
DEBUG - 2026-04-04 00:29:37 --> Session: Class initialized using 'CodeIgniter\Session\Handlers\FileHandler' driver.
DEBUG - 2026-04-04 00:29:43 --> Session: Class initialized using 'CodeIgniter\Session\Handlers\FileHandler' driver.
DEBUG - 2026-04-04 00:29:43 --> Session: Class initialized using 'CodeIgniter\Session\Handlers\FileHandler' driver.
DEBUG - 2026-04-04 00:30:10 --> Session: Class initialized using 'CodeIgniter\Session\Handlers\FileHandler' driver.
DEBUG - 2026-04-04 00:30:10 --> Session: Class initialized using 'CodeIgniter\Session\Handlers\FileHandler' driver.
DEBUG - 2026-04-04 00:30:10 --> get_events() called - admin_login: true
DEBUG - 2026-04-04 00:30:13 --> Session: Class initialized using 'CodeIgniter\Session\Handlers\FileHandler' driver.
DEBUG - 2026-04-04 00:30:13 --> get_events() called - admin_login: true
DEBUG - 2026-04-04 00:30:13 --> Session: Class initialized using 'CodeIgniter\Session\Handlers\FileHandler' driver.
WARNING - 2026-04-04 00:30:13 --> [DEPRECATED] json_decode(): Passing null to parameter #1 ($json) of type string is deprecated in APPPATH\Controllers\Admin.php on line 5978.
 1 APPPATH\Controllers\Admin.php(5978): json_decode(null, true)
 2 SYSTEMPATH\CodeIgniter.php(951): App\Controllers\Admin->get_school_data()
 3 SYSTEMPATH\CodeIgniter.php(497): CodeIgniter\CodeIgniter->runController(Object(App\Controllers\Admin))
 4 SYSTEMPATH\CodeIgniter.php(340): CodeIgniter\CodeIgniter->handleRequest(null, Object(Config\Cache), false)
 5 SYSTEMPATH\Boot.php(417): CodeIgniter\CodeIgniter->run()
 6 SYSTEMPATH\Boot.php(68): CodeIgniter\Boot::runCodeIgniter(Object(CodeIgniter\CodeIgniter))
 7 FCPATH\index.php(75): CodeIgniter\Boot::bootWeb(Object(Config\Paths))
DEBUG - 2026-04-04 00:30:13 --> Session: Class initialized using 'CodeIgniter\Session\Handlers\FileHandler' driver.
WARNING - 2026-04-04 00:30:13 --> [DEPRECATED] json_decode(): Passing null to parameter #1 ($json) of type string is deprecated in APPPATH\Controllers\Admin.php on line 5978.
 1 APPPATH\Controllers\Admin.php(5978): json_decode(null, true)
 2 SYSTEMPATH\CodeIgniter.php(951): App\Controllers\Admin->get_school_data()
 3 SYSTEMPATH\CodeIgniter.php(497): CodeIgniter\CodeIgniter->runController(Object(App\Controllers\Admin))
 4 SYSTEMPATH\CodeIgniter.php(340): CodeIgniter\CodeIgniter->handleRequest(null, Object(Config\Cache), false)
 5 SYSTEMPATH\Boot.php(417): CodeIgniter\CodeIgniter->run()
 6 SYSTEMPATH\Boot.php(68): CodeIgniter\Boot::runCodeIgniter(Object(CodeIgniter\CodeIgniter))
 7 FCPATH\index.php(75): CodeIgniter\Boot::bootWeb(Object(Config\Paths))
DEBUG - 2026-04-04 00:30:13 --> Session: Class initialized using 'CodeIgniter\Session\Handlers\FileHandler' driver.
DEBUG - 2026-04-04 00:30:15 --> Session: Class initialized using 'CodeIgniter\Session\Handlers\FileHandler' driver.
DEBUG - 2026-04-04 00:30:15 --> get_events() called - admin_login: true
DEBUG - 2026-04-04 00:30:16 --> Session: Class initialized using 'CodeIgniter\Session\Handlers\FileHandler' driver.
DEBUG - 2026-04-04 00:30:18 --> Session: Class initialized using 'CodeIgniter\Session\Handlers\FileHandler' driver.
DEBUG - 2026-04-04 00:30:18 --> get_events() called - admin_login: true
DEBUG - 2026-04-04 00:30:18 --> Session: Class initialized using 'CodeIgniter\Session\Handlers\FileHandler' driver.
CRITICAL - 2026-04-04 00:30:18 --> Error: Call to a member function get_meeting_by_id() on null
[Method: POST, Route: bigbluebutton/meeting_states]
in APPPATH\Controllers\Bigbluebutton.php on line 576.
 1 SYSTEMPATH\CodeIgniter.php(951): App\Controllers\Bigbluebutton->meeting_states()
 2 SYSTEMPATH\CodeIgniter.php(497): CodeIgniter\CodeIgniter->runController(Object(App\Controllers\Bigbluebutton))
 3 SYSTEMPATH\CodeIgniter.php(340): CodeIgniter\CodeIgniter->handleRequest(null, Object(Config\Cache), false)
 4 SYSTEMPATH\Boot.php(417): CodeIgniter\CodeIgniter->run()
 5 SYSTEMPATH\Boot.php(68): CodeIgniter\Boot::runCodeIgniter(Object(CodeIgniter\CodeIgniter))
 6 FCPATH\index.php(75): CodeIgniter\Boot::bootWeb(Object(Config\Paths))
DEBUG - 2026-04-04 00:30:48 --> Session: Class initialized using 'CodeIgniter\Session\Handlers\FileHandler' driver.
DEBUG - 2026-04-04 00:30:48 --> get_events() called - admin_login: true
DEBUG - 2026-04-04 00:30:48 --> Session: Class initialized using 'CodeIgniter\Session\Handlers\FileHandler' driver.
CRITICAL - 2026-04-04 00:30:48 --> Error: Call to a member function get_meeting_by_id() on null
[Method: POST, Route: bigbluebutton/meeting_states]
in APPPATH\Controllers\Bigbluebutton.php on line 576.
 1 SYSTEMPATH\CodeIgniter.php(951): App\Controllers\Bigbluebutton->meeting_states()
 2 SYSTEMPATH\CodeIgniter.php(497): CodeIgniter\CodeIgniter->runController(Object(App\Controllers\Bigbluebutton))
 3 SYSTEMPATH\CodeIgniter.php(340): CodeIgniter\CodeIgniter->handleRequest(null, Object(Config\Cache), false)
 4 SYSTEMPATH\Boot.php(417): CodeIgniter\CodeIgniter->run()
 5 SYSTEMPATH\Boot.php(68): CodeIgniter\Boot::runCodeIgniter(Object(CodeIgniter\CodeIgniter))
 6 FCPATH\index.php(75): CodeIgniter\Boot::bootWeb(Object(Config\Paths))
DEBUG - 2026-04-04 00:30:49 --> Session: Class initialized using 'CodeIgniter\Session\Handlers\FileHandler' driver.
CRITICAL - 2026-04-04 00:30:49 --> Error: Call to a member function get_meeting_by_id() on null
[Method: POST, Route: bigbluebutton/meeting_states]
in APPPATH\Controllers\Bigbluebutton.php on line 576.
 1 SYSTEMPATH\CodeIgniter.php(951): App\Controllers\Bigbluebutton->meeting_states()
 2 SYSTEMPATH\CodeIgniter.php(497): CodeIgniter\CodeIgniter->runController(Object(App\Controllers\Bigbluebutton))
 3 SYSTEMPATH\CodeIgniter.php(340): CodeIgniter\CodeIgniter->handleRequest(null, Object(Config\Cache), false)
 4 SYSTEMPATH\Boot.php(417): CodeIgniter\CodeIgniter->run()
 5 SYSTEMPATH\Boot.php(68): CodeIgniter\Boot::runCodeIgniter(Object(CodeIgniter\CodeIgniter))
 6 FCPATH\index.php(75): CodeIgniter\Boot::bootWeb(Object(Config\Paths))
DEBUG - 2026-04-04 00:31:02 --> Session: Class initialized using 'CodeIgniter\Session\Handlers\FileHandler' driver.
DEBUG - 2026-04-04 00:31:03 --> Session: Class initialized using 'CodeIgniter\Session\Handlers\FileHandler' driver.
DEBUG - 2026-04-04 00:31:03 --> get_events() called - admin_login: true
DEBUG - 2026-04-04 00:31:07 --> Session: Class initialized using 'CodeIgniter\Session\Handlers\FileHandler' driver.
DEBUG - 2026-04-04 00:31:08 --> Total exams not yet taken calculated for school_id 93: 0
DEBUG - 2026-04-04 00:31:17 --> Session: Class initialized using 'CodeIgniter\Session\Handlers\FileHandler' driver.
WARNING - 2026-04-04 00:31:17 --> [DEPRECATED] htmlspecialchars(): Passing null to parameter #1 ($string) of type string is deprecated in APPPATH\Controllers\Admin.php on line 1477.
 1 APPPATH\Controllers\Admin.php(1477): htmlspecialchars(null)
 2 APPPATH\Config\Routes.php(556): App\Controllers\Admin->attendance('filter')
 3 APPPATH\Config\Routes.php(568): CodeIgniter\Router\RouteCollection::{closure}('attendance/filter')
 4 SYSTEMPATH\CodeIgniter.php(872): CodeIgniter\Router\RouteCollection::{closure}('attendance/filter')
 5 SYSTEMPATH\CodeIgniter.php(480): CodeIgniter\CodeIgniter->startController()
 6 SYSTEMPATH\CodeIgniter.php(340): CodeIgniter\CodeIgniter->handleRequest(null, Object(Config\Cache), false)
 7 SYSTEMPATH\Boot.php(417): CodeIgniter\CodeIgniter->run()
 8 SYSTEMPATH\Boot.php(68): CodeIgniter\Boot::runCodeIgniter(Object(CodeIgniter\CodeIgniter))
 9 FCPATH\index.php(75): CodeIgniter\Boot::bootWeb(Object(Config\Paths))
CRITICAL - 2026-04-04 00:31:17 --> Error: Call to undefined method CodeIgniter\Database\MySQLi\Builder::getResultArray()
[Method: POST, Route: app/attendance/filter]
in APPPATH\Views\backend\admin\attendance\list.php on line 192.
 1 SYSTEMPATH\View\View.php(240): include()
 2 SYSTEMPATH\View\View.php(243): CodeIgniter\View\View->CodeIgniter\View\{closure}()
 3 APPPATH\View\View.php(357): CodeIgniter\View\View->render('backend/admin/attendance/list', [...], true)
 4 SYSTEMPATH\Common.php(1250): App\View\View->render('backend/admin/attendance/list', [...], true)
 5 APPPATH\Controllers\Admin.php(1481): view('backend/admin/attendance/list', [...], [...])
 6 APPPATH\Config\Routes.php(556): App\Controllers\Admin->attendance('filter')
 7 APPPATH\Config\Routes.php(568): CodeIgniter\Router\RouteCollection::{closure}('attendance/filter')
 8 SYSTEMPATH\CodeIgniter.php(872): CodeIgniter\Router\RouteCollection::{closure}('attendance/filter')
 9 SYSTEMPATH\CodeIgniter.php(480): CodeIgniter\CodeIgniter->startController()
10 SYSTEMPATH\CodeIgniter.php(340): CodeIgniter\CodeIgniter->handleRequest(null, Object(Config\Cache), false)
11 SYSTEMPATH\Boot.php(417): CodeIgniter\CodeIgniter->run()
12 SYSTEMPATH\Boot.php(68): CodeIgniter\Boot::runCodeIgniter(Object(CodeIgniter\CodeIgniter))
13 FCPATH\index.php(75): CodeIgniter\Boot::bootWeb(Object(Config\Paths))
DEBUG - 2026-04-04 00:33:43 --> Session: Class initialized using 'CodeIgniter\Session\Handlers\FileHandler' driver.
WARNING - 2026-04-04 00:33:43 --> [DEPRECATED] htmlspecialchars(): Passing null to parameter #1 ($string) of type string is deprecated in APPPATH\Controllers\Admin.php on line 1477.
 1 APPPATH\Controllers\Admin.php(1477): htmlspecialchars(null)
 2 APPPATH\Config\Routes.php(556): App\Controllers\Admin->attendance('filter')
 3 APPPATH\Config\Routes.php(568): CodeIgniter\Router\RouteCollection::{closure}('attendance/filter')
 4 SYSTEMPATH\CodeIgniter.php(872): CodeIgniter\Router\RouteCollection::{closure}('attendance/filter')
 5 SYSTEMPATH\CodeIgniter.php(480): CodeIgniter\CodeIgniter->startController()
 6 SYSTEMPATH\CodeIgniter.php(340): CodeIgniter\CodeIgniter->handleRequest(null, Object(Config\Cache), false)
 7 SYSTEMPATH\Boot.php(417): CodeIgniter\CodeIgniter->run()
 8 SYSTEMPATH\Boot.php(68): CodeIgniter\Boot::runCodeIgniter(Object(CodeIgniter\CodeIgniter))
 9 FCPATH\index.php(75): CodeIgniter\Boot::bootWeb(Object(Config\Paths))
CRITICAL - 2026-04-04 00:33:43 --> Error: Cannot use object of type stdClass as array
[Method: POST, Route: app/attendance/filter]
in APPPATH\Views\backend\admin\attendance\list.php on line 192.
 1 SYSTEMPATH\View\View.php(240): include()
 2 SYSTEMPATH\View\View.php(243): CodeIgniter\View\View->CodeIgniter\View\{closure}()
 3 APPPATH\View\View.php(357): CodeIgniter\View\View->render('backend/admin/attendance/list', [...], true)
 4 SYSTEMPATH\Common.php(1250): App\View\View->render('backend/admin/attendance/list', [...], true)
 5 APPPATH\Controllers\Admin.php(1481): view('backend/admin/attendance/list', [...], [...])
 6 APPPATH\Config\Routes.php(556): App\Controllers\Admin->attendance('filter')
 7 APPPATH\Config\Routes.php(568): CodeIgniter\Router\RouteCollection::{closure}('attendance/filter')
 8 SYSTEMPATH\CodeIgniter.php(872): CodeIgniter\Router\RouteCollection::{closure}('attendance/filter')
 9 SYSTEMPATH\CodeIgniter.php(480): CodeIgniter\CodeIgniter->startController()
10 SYSTEMPATH\CodeIgniter.php(340): CodeIgniter\CodeIgniter->handleRequest(null, Object(Config\Cache), false)
11 SYSTEMPATH\Boot.php(417): CodeIgniter\CodeIgniter->run()
12 SYSTEMPATH\Boot.php(68): CodeIgniter\Boot::runCodeIgniter(Object(CodeIgniter\CodeIgniter))
13 FCPATH\index.php(75): CodeIgniter\Boot::bootWeb(Object(Config\Paths))
DEBUG - 2026-04-04 00:58:47 --> Session: Class initialized using 'CodeIgniter\Session\Handlers\FileHandler' driver.
DEBUG - 2026-04-04 00:58:47 --> Total exams not yet taken calculated for school_id 93: 0
DEBUG - 2026-04-04 00:58:52 --> Session: Class initialized using 'CodeIgniter\Session\Handlers\FileHandler' driver.
WARNING - 2026-04-04 00:58:53 --> [DEPRECATED] htmlspecialchars(): Passing null to parameter #1 ($string) of type string is deprecated in APPPATH\Controllers\Admin.php on line 1477.
 1 APPPATH\Controllers\Admin.php(1477): htmlspecialchars(null)
 2 APPPATH\Config\Routes.php(556): App\Controllers\Admin->attendance('filter')
 3 APPPATH\Config\Routes.php(568): CodeIgniter\Router\RouteCollection::{closure}('attendance/filter')
 4 SYSTEMPATH\CodeIgniter.php(872): CodeIgniter\Router\RouteCollection::{closure}('attendance/filter')
 5 SYSTEMPATH\CodeIgniter.php(480): CodeIgniter\CodeIgniter->startController()
 6 SYSTEMPATH\CodeIgniter.php(340): CodeIgniter\CodeIgniter->handleRequest(null, Object(Config\Cache), false)
 7 SYSTEMPATH\Boot.php(417): CodeIgniter\CodeIgniter->run()
 8 SYSTEMPATH\Boot.php(68): CodeIgniter\Boot::runCodeIgniter(Object(CodeIgniter\CodeIgniter))
 9 FCPATH\index.php(75): CodeIgniter\Boot::bootWeb(Object(Config\Paths))
CRITICAL - 2026-04-04 00:58:53 --> Error: Cannot use object of type stdClass as array
[Method: POST, Route: app/attendance/filter]
in APPPATH\Views\backend\admin\attendance\list.php on line 192.
 1 SYSTEMPATH\View\View.php(240): include()
 2 SYSTEMPATH\View\View.php(243): CodeIgniter\View\View->CodeIgniter\View\{closure}()
 3 APPPATH\View\View.php(357): CodeIgniter\View\View->render('backend/admin/attendance/list', [...], true)
 4 SYSTEMPATH\Common.php(1250): App\View\View->render('backend/admin/attendance/list', [...], true)
 5 APPPATH\Controllers\Admin.php(1481): view('backend/admin/attendance/list', [...], [...])
 6 APPPATH\Config\Routes.php(556): App\Controllers\Admin->attendance('filter')
 7 APPPATH\Config\Routes.php(568): CodeIgniter\Router\RouteCollection::{closure}('attendance/filter')
 8 SYSTEMPATH\CodeIgniter.php(872): CodeIgniter\Router\RouteCollection::{closure}('attendance/filter')
 9 SYSTEMPATH\CodeIgniter.php(480): CodeIgniter\CodeIgniter->startController()
10 SYSTEMPATH\CodeIgniter.php(340): CodeIgniter\CodeIgniter->handleRequest(null, Object(Config\Cache), false)
11 SYSTEMPATH\Boot.php(417): CodeIgniter\CodeIgniter->run()
12 SYSTEMPATH\Boot.php(68): CodeIgniter\Boot::runCodeIgniter(Object(CodeIgniter\CodeIgniter))
13 FCPATH\index.php(75): CodeIgniter\Boot::bootWeb(Object(Config\Paths))
DEBUG - 2026-04-04 01:01:40 --> Session: Class initialized using 'CodeIgniter\Session\Handlers\FileHandler' driver.
WARNING - 2026-04-04 01:01:40 --> [DEPRECATED] htmlspecialchars(): Passing null to parameter #1 ($string) of type string is deprecated in APPPATH\Controllers\Admin.php on line 1477.
 1 APPPATH\Controllers\Admin.php(1477): htmlspecialchars(null)
 2 APPPATH\Config\Routes.php(556): App\Controllers\Admin->attendance('filter')
 3 APPPATH\Config\Routes.php(568): CodeIgniter\Router\RouteCollection::{closure}('attendance/filter')
 4 SYSTEMPATH\CodeIgniter.php(872): CodeIgniter\Router\RouteCollection::{closure}('attendance/filter')
 5 SYSTEMPATH\CodeIgniter.php(480): CodeIgniter\CodeIgniter->startController()
 6 SYSTEMPATH\CodeIgniter.php(340): CodeIgniter\CodeIgniter->handleRequest(null, Object(Config\Cache), false)
 7 SYSTEMPATH\Boot.php(417): CodeIgniter\CodeIgniter->run()
 8 SYSTEMPATH\Boot.php(68): CodeIgniter\Boot::runCodeIgniter(Object(CodeIgniter\CodeIgniter))
 9 FCPATH\index.php(75): CodeIgniter\Boot::bootWeb(Object(Config\Paths))
CRITICAL - 2026-04-04 01:01:40 --> Error: Cannot use object of type stdClass as array
[Method: POST, Route: app/attendance/filter]
in APPPATH\Views\backend\admin\attendance\list.php on line 192.
 1 SYSTEMPATH\View\View.php(240): include()
 2 SYSTEMPATH\View\View.php(243): CodeIgniter\View\View->CodeIgniter\View\{closure}()
 3 APPPATH\View\View.php(357): CodeIgniter\View\View->render('backend/admin/attendance/list', [...], true)
 4 SYSTEMPATH\Common.php(1250): App\View\View->render('backend/admin/attendance/list', [...], true)
 5 APPPATH\Controllers\Admin.php(1481): view('backend/admin/attendance/list', [...], [...])
 6 APPPATH\Config\Routes.php(556): App\Controllers\Admin->attendance('filter')
 7 APPPATH\Config\Routes.php(568): CodeIgniter\Router\RouteCollection::{closure}('attendance/filter')
 8 SYSTEMPATH\CodeIgniter.php(872): CodeIgniter\Router\RouteCollection::{closure}('attendance/filter')
 9 SYSTEMPATH\CodeIgniter.php(480): CodeIgniter\CodeIgniter->startController()
10 SYSTEMPATH\CodeIgniter.php(340): CodeIgniter\CodeIgniter->handleRequest(null, Object(Config\Cache), false)
11 SYSTEMPATH\Boot.php(417): CodeIgniter\CodeIgniter->run()
12 SYSTEMPATH\Boot.php(68): CodeIgniter\Boot::runCodeIgniter(Object(CodeIgniter\CodeIgniter))
13 FCPATH\index.php(75): CodeIgniter\Boot::bootWeb(Object(Config\Paths))
DEBUG - 2026-04-04 01:06:51 --> Session: Class initialized using 'CodeIgniter\Session\Handlers\FileHandler' driver.
WARNING - 2026-04-04 01:06:52 --> [DEPRECATED] htmlspecialchars(): Passing null to parameter #1 ($string) of type string is deprecated in APPPATH\Controllers\Admin.php on line 1477.
 1 APPPATH\Controllers\Admin.php(1477): htmlspecialchars(null)
 2 APPPATH\Config\Routes.php(556): App\Controllers\Admin->attendance('filter')
 3 APPPATH\Config\Routes.php(568): CodeIgniter\Router\RouteCollection::{closure}('attendance/filter')
 4 SYSTEMPATH\CodeIgniter.php(872): CodeIgniter\Router\RouteCollection::{closure}('attendance/filter')
 5 SYSTEMPATH\CodeIgniter.php(480): CodeIgniter\CodeIgniter->startController()
 6 SYSTEMPATH\CodeIgniter.php(340): CodeIgniter\CodeIgniter->handleRequest(null, Object(Config\Cache), false)
 7 SYSTEMPATH\Boot.php(417): CodeIgniter\CodeIgniter->run()
 8 SYSTEMPATH\Boot.php(68): CodeIgniter\Boot::runCodeIgniter(Object(CodeIgniter\CodeIgniter))
 9 FCPATH\index.php(75): CodeIgniter\Boot::bootWeb(Object(Config\Paths))
DEBUG - 2026-04-04 01:06:57 --> Session: Class initialized using 'CodeIgniter\Session\Handlers\FileHandler' driver.
WARNING - 2026-04-04 01:06:57 --> [DEPRECATED] htmlspecialchars(): Passing null to parameter #1 ($string) of type string is deprecated in APPPATH\Controllers\Admin.php on line 1477.
 1 APPPATH\Controllers\Admin.php(1477): htmlspecialchars(null)
 2 APPPATH\Config\Routes.php(556): App\Controllers\Admin->attendance('filter')
 3 APPPATH\Config\Routes.php(568): CodeIgniter\Router\RouteCollection::{closure}('attendance/filter')
 4 SYSTEMPATH\CodeIgniter.php(872): CodeIgniter\Router\RouteCollection::{closure}('attendance/filter')
 5 SYSTEMPATH\CodeIgniter.php(480): CodeIgniter\CodeIgniter->startController()
 6 SYSTEMPATH\CodeIgniter.php(340): CodeIgniter\CodeIgniter->handleRequest(null, Object(Config\Cache), false)
 7 SYSTEMPATH\Boot.php(417): CodeIgniter\CodeIgniter->run()
 8 SYSTEMPATH\Boot.php(68): CodeIgniter\Boot::runCodeIgniter(Object(CodeIgniter\CodeIgniter))
 9 FCPATH\index.php(75): CodeIgniter\Boot::bootWeb(Object(Config\Paths))
DEBUG - 2026-04-04 01:07:01 --> Session: Class initialized using 'CodeIgniter\Session\Handlers\FileHandler' driver.
DEBUG - 2026-04-04 01:07:02 --> Total exams not yet taken calculated for school_id 93: 0
CRITICAL - 2026-04-04 01:07:02 --> Error: Call to undefined method CodeIgniter\Database\MySQLi\Builder::getResultArray()
[Method: GET, Route: app/manage_class]
in APPPATH\Views\backend\admin\class\index.php on line 594.
 1 APPPATH\Views\backend\index.php(147): include()
 2 SYSTEMPATH\View\View.php(240): include('C:\\xampp\\htdocs\\School-Management-De_migration\\app\\Views\\backend\\index.php')
 3 SYSTEMPATH\View\View.php(243): CodeIgniter\View\View->CodeIgniter\View\{closure}()
 4 APPPATH\View\View.php(357): CodeIgniter\View\View->render('backend/index', [], true)
 5 SYSTEMPATH\Common.php(1250): App\View\View->render('backend/index', [], true)
 6 APPPATH\Controllers\Admin.php(162): view('backend/index', [...])
 7 APPPATH\Config\Routes.php(556): App\Controllers\Admin->manage_class()
 8 APPPATH\Config\Routes.php(565): CodeIgniter\Router\RouteCollection::{closure}('manage_class')
 9 SYSTEMPATH\CodeIgniter.php(872): CodeIgniter\Router\RouteCollection::{closure}('manage_class')
10 SYSTEMPATH\CodeIgniter.php(480): CodeIgniter\CodeIgniter->startController()
11 SYSTEMPATH\CodeIgniter.php(340): CodeIgniter\CodeIgniter->handleRequest(null, Object(Config\Cache), false)
12 SYSTEMPATH\Boot.php(417): CodeIgniter\CodeIgniter->run()
13 SYSTEMPATH\Boot.php(68): CodeIgniter\Boot::runCodeIgniter(Object(CodeIgniter\CodeIgniter))
14 FCPATH\index.php(75): CodeIgniter\Boot::bootWeb(Object(Config\Paths))
DEBUG - 2026-04-04 01:20:52 --> Session: Class initialized using 'CodeIgniter\Session\Handlers\FileHandler' driver.
DEBUG - 2026-04-04 01:20:53 --> Total exams not yet taken calculated for school_id 93: 0
CRITICAL - 2026-04-04 01:20:53 --> Error: Call to undefined method CodeIgniter\Database\MySQLi\Builder::getRowArray()
[Method: GET, Route: app/manage_class]
in APPPATH\Views\backend\admin\class\list.php on line 4.
 1 APPPATH\Views\backend\admin\class\index.php(690): include()
 2 APPPATH\Views\backend\index.php(147): include('C:\\xampp\\htdocs\\School-Management-De_migration\\app\\Views\\backend\\admin\\class\\index.php')
 3 SYSTEMPATH\View\View.php(240): include('C:\\xampp\\htdocs\\School-Management-De_migration\\app\\Views\\backend\\index.php')
 4 SYSTEMPATH\View\View.php(243): CodeIgniter\View\View->CodeIgniter\View\{closure}()
 5 APPPATH\View\View.php(357): CodeIgniter\View\View->render('backend/index', [], true)
 6 SYSTEMPATH\Common.php(1250): App\View\View->render('backend/index', [], true)
 7 APPPATH\Controllers\Admin.php(162): view('backend/index', [...])
 8 APPPATH\Config\Routes.php(556): App\Controllers\Admin->manage_class()
 9 APPPATH\Config\Routes.php(565): CodeIgniter\Router\RouteCollection::{closure}('manage_class')
10 SYSTEMPATH\CodeIgniter.php(872): CodeIgniter\Router\RouteCollection::{closure}('manage_class')
11 SYSTEMPATH\CodeIgniter.php(480): CodeIgniter\CodeIgniter->startController()
12 SYSTEMPATH\CodeIgniter.php(340): CodeIgniter\CodeIgniter->handleRequest(null, Object(Config\Cache), false)
13 SYSTEMPATH\Boot.php(417): CodeIgniter\CodeIgniter->run()
14 SYSTEMPATH\Boot.php(68): CodeIgniter\Boot::runCodeIgniter(Object(CodeIgniter\CodeIgniter))
15 FCPATH\index.php(75): CodeIgniter\Boot::bootWeb(Object(Config\Paths))
